--------- beginning of kernel
04-29 07:32:44.830     0     0 W healthd : battery l=99 v=4255 t=28.9 h=2 st=2 c=-430 fc=4472000 cc=20 chg=u
--------- beginning of system
04-29 07:32:49.322   485   496 I ActivityManager: Force stopping com.android.camera2 appid=10014 user=0: from pid 2328
--------- beginning of events
04-29 07:32:49.374   485   485 I auditd  : type=1400 audit(0.0:251): avc: denied { read } for comm="android.bg" name="nvmap" dev="debugfs" ino=5238 scontext=u:r:system_server:s0 tcontext=u:object_r:debugfs_nvmap:s0 tclass=dir permissive=1
--------- beginning of main
04-29 07:32:49.374   485   485 I android.bg: type=1400 audit(0.0:251): avc: denied { read } for name="nvmap" dev="debugfs" ino=5238 scontext=u:r:system_server:s0 tcontext=u:object_r:debugfs_nvmap:s0 tclass=dir permissive=1
04-29 07:32:49.379   485   485 I auditd  : type=1400 audit(0.0:252): avc: denied { open } for comm="android.bg" path="/sys/kernel/debug/nvmap" dev="debugfs" ino=5238 scontext=u:r:system_server:s0 tcontext=u:object_r:debugfs_nvmap:s0 tclass=dir permissive=1
04-29 07:32:49.379   485   485 I android.bg: type=1400 audit(0.0:252): avc: denied { open } for path="/sys/kernel/debug/nvmap" dev="debugfs" ino=5238 scontext=u:r:system_server:s0 tcontext=u:object_r:debugfs_nvmap:s0 tclass=dir permissive=1
04-29 07:32:49.389   485   485 I notification_cancel_all: [1000,485,com.android.camera2,0,0,0,5,NULL]
04-29 07:32:49.401  1155  1155 E PhoneInterfaceManager: [PhoneIntfMgr] getCarrierPackageNamesForIntent: No UICC
04-29 07:32:49.403  1155  1155 D CarrierSvcBindHelper: No carrier app for: 0
04-29 07:32:49.588   485   497 I ActivityManager: Force stopping com.android.camera2 appid=10014 user=0: from pid 2333
04-29 07:32:49.590   485   485 I notification_cancel_all: [1000,485,com.android.camera2,0,0,0,5,NULL]
04-29 07:32:49.590  1155  1155 E PhoneInterfaceManager: [PhoneIntfMgr] getCarrierPackageNamesForIntent: No UICC
04-29 07:32:49.590  1155  1155 D CarrierSvcBindHelper: No carrier app for: 0
04-29 07:32:49.595   485   541 I am_pss  : [1531,10008,org.lineageos.trebuchet,81039360,72720384,0]
04-29 07:32:49.858   485   497 I ActivityManager: START u0 {flg=0x10000000 cmp=com.android.camera2/com.android.camera.CameraActivity} from uid 0
04-29 07:32:49.869   485   497 I wm_stack_created: 1
04-29 07:32:49.879   485   497 I wm_task_created: [10,1]
04-29 07:32:49.887   485   497 I wm_task_moved: [10,1,0]
04-29 07:32:49.891   485   497 I am_focused_stack: [0,1,0,reuseOrNewTask]
04-29 07:32:49.892   485   497 I wm_task_moved: [10,1,0]
04-29 07:32:49.900   485   497 I am_create_task: [0,10]
04-29 07:32:49.901   485   497 I am_create_activity: [0,17454414,10,com.android.camera2/com.android.camera.CameraActivity,NULL,NULL,NULL,268435456]
04-29 07:32:49.905   485   497 I wm_task_moved: [10,1,0]
04-29 07:32:49.920   485   497 I am_uid_running: 10014
04-29 07:32:50.174   485   497 W ActivityManager: Slow operation: 249ms so far, now at startProcess: returned from zygote!
04-29 07:32:50.178   485   497 W ActivityManager: Slow operation: 253ms so far, now at startProcess: done updating battery stats
04-29 07:32:50.183   485   497 I am_proc_start: [0,2335,10014,com.android.camera2,activity,com.android.camera2/com.android.camera.CameraActivity]
04-29 07:32:50.189   485   497 W ActivityManager: Slow operation: 263ms so far, now at startProcess: building log message
04-29 07:32:50.190   485   497 I ActivityManager: Start proc 2335:com.android.camera2/u0a14 for activity com.android.camera2/com.android.camera.CameraActivity
04-29 07:32:50.190   485   497 W ActivityManager: Slow operation: 266ms so far, now at startProcess: starting to update pids map
04-29 07:32:50.191   485   497 W ActivityManager: Slow operation: 266ms so far, now at startProcess: done updating pids map
04-29 07:32:50.192   485   497 W ActivityManager: Slow operation: 274ms so far, now at startProcess: done starting proc!
04-29 07:32:50.261   485   542 W zygote  : Long monitor contention with owner Binder:485_2 (497) at int com.android.server.am.ActivityStarter.startActivityMayWait(android.app.IApplicationThread, int, int, int, java.lang.String, android.content.Intent, java.lang.String, android.service.voice.IVoiceInteractionSession, com.android.internal.app.IVoiceInteractor, android.os.IBinder, java.lang.String, int, int, android.app.ProfilerInfo, android.app.WaitResult, android.content.res.Configuration, android.os.Bundle, boolean, int, com.android.server.am.TaskRecord, java.lang.String)(ActivityStarter.java:748) waiters=0 in void com.android.server.am.TaskChangeNotificationController.forAllRemoteListeners(com.android.server.am.TaskChangeNotificationController$TaskStackConsumer, android.os.Message) for 375ms
04-29 07:32:50.268   485   542 I dvm_lock_sample: [system_server,1,ActivityManager,375,TaskChangeNotificationController.java,245,void com.android.server.am.TaskChangeNotificationController.forAllRemoteListeners(com.android.server.am.TaskChangeNotificationController$TaskStackConsumer, android.os.Message),ActivityStarter.java,748,int com.android.server.am.ActivityStarter.startActivityMayWait(android.app.IApplicationThread, int, int, int, java.lang.String, android.content.Intent, java.lang.String, android.service.voice.IVoiceInteractionSession, com.android.internal.app.IVoiceInteractor, android.os.IBinder, java.lang.String, int, int, android.app.ProfilerInfo, android.app.WaitResult, android.content.res.Configuration, android.os.Bundle, boolean, int, com.android.server.am.TaskRecord, java.lang.String),75]
04-29 07:32:50.467   485  1490 I am_proc_bound: [0,2335,com.android.camera2]
04-29 07:32:50.658   485   624 I InputReader: Reconfiguring input devices.  changes=0x00000004
04-29 07:32:50.730   485  1490 I am_uid_active: 10014
04-29 07:32:50.732   485  1490 I am_restart_activity: [0,17454414,10,com.android.camera2/com.android.camera.CameraActivity]
04-29 07:32:50.750   485  1490 I am_set_resumed_activity: [0,com.android.camera2/com.android.camera.CameraActivity,minimalResumeActivityLocked]
04-29 07:32:50.800   485  1490 I am_pause_activity: [0,17454414,com.android.camera2/com.android.camera.CameraActivity]
04-29 07:32:50.811   485  1490 W ActivityManager: Slow operation: 345ms so far, now at attachApplicationLocked: after mServices.attachApplicationLocked
04-29 07:32:50.818   485   542 W zygote  : Long monitor contention with owner Binder:485_7 (1490) at void com.android.server.am.ActivityManagerService.attachApplication(android.app.IApplicationThread)(ActivityManagerService.java:7308) waiters=1 in void com.android.server.am.ActivityStackSupervisor.handleDisplayChanged(int) for 308ms
04-29 07:32:50.824   485   542 I dvm_lock_sample: [system_server,1,ActivityManager,308,ActivityStackSupervisor.java,3998,void com.android.server.am.ActivityStackSupervisor.handleDisplayChanged(int),ActivityManagerService.java,7308,void com.android.server.am.ActivityManagerService.attachApplication(android.app.IApplicationThread),61]
04-29 07:32:50.845   485   572 I dvm_lock_sample: [system_server,1,android.display,77,ActivityManagerService.java,24054,void com.android.server.am.ActivityManagerService$LocalService.notifyAppTransitionFinished(),-,7308,void com.android.server.am.ActivityManagerService.attachApplication(android.app.IApplicationThread),15]
04-29 07:32:50.859   485   543 W Looper  : Dispatch took 134ms on android.ui, h=Handler (com.android.server.am.ActivityManagerService$UiHandler) {10dc005} cb=null msg=31
04-29 07:32:51.242  2335  2335 V CAM_Profiler: [  0.000ms][ui] GUARD: CameraApp onCreate() - START
04-29 07:32:51.255  2335  2335 V CAM_Profiler: [  0.000ms][ui] GUARD: FirstRunDetector getTimeOfFirstRun - START
04-29 07:32:51.283  2335  2335 I CAM_Profiler: [ 24.124ms][ui] GUARD: FirstRunDetector getTimeOfFirstRun - [24.124ms] PreferenceManager.getDefaultSharedPreferences
04-29 07:32:51.305  2335  2335 I CAM_Profiler: [ 47.347ms][ui] GUARD: FirstRunDetector getTimeOfFirstRun - [23.223ms] preferences.getLong
04-29 07:32:51.308  2335  2335 I CAM_Profiler: [ 52.175ms][ui] GUARD: FirstRunDetector getTimeOfFirstRun - STOP
04-29 07:32:51.310   485   542 W ActivityManager: Activity pause timeout for ActivityRecord{10a554e u0 com.android.camera2/com.android.camera.CameraActivity t10}
04-29 07:32:51.312  2335  2335 I CAM_Profiler: [ 92.577ms][ui] GUARD: CameraApp onCreate() - [92.577ms] initializeTimeOfFirstRun
04-29 07:32:51.330  2335  2335 I CAM_Profiler: [108.276ms][ui] GUARD: CameraApp onCreate() - [15.699ms] UsageStatistics.initialize
04-29 07:32:51.371   485   542 I am_stop_activity: [0,17454414,com.android.camera2/com.android.camera.CameraActivity]
04-29 07:32:51.380   485   485 I notification_cancel_all: [10014,2335,com.android.camera2,0,0,64,9,NULL]
04-29 07:32:51.389  2335  2335 I CAM_Profiler: [163.161ms][ui] GUARD: CameraApp onCreate() - [54.885ms] clearNotifications
04-29 07:32:51.393  2335  2335 I CAM_Profiler: [163.161ms][ui] GUARD: CameraApp onCreate() - STOP
04-29 07:32:51.399   485   542 I sysui_count: [window_time_0,211]
04-29 07:32:51.403   485   542 I sysui_multi_action: [757,803,799,window_time_0,802,211]
04-29 07:32:51.467  2335  2351 D vndksupport: Loading /system/lib/egl/libEGL_tegra.so from current namespace instead of sphal namespace.
04-29 07:32:51.620  2335  2351 D libEGL  : loaded /system/lib/egl/libEGL_tegra.so
04-29 07:32:51.633  2335  2351 I         : Attempting to load EGL implementation libEGL_tegra_impl
04-29 07:32:51.811  2335  2351 I         : Loaded EGL implementation libEGL_tegra_impl
04-29 07:32:51.823  2335  2351 D vndksupport: Loading /system/lib/egl/libGLESv1_CM_tegra.so from current namespace instead of sphal namespace.
04-29 07:32:51.868  2335  2351 D libEGL  : loaded /system/lib/egl/libGLESv1_CM_tegra.so
04-29 07:32:51.909  2335  2351 D vndksupport: Loading /system/lib/egl/libGLESv2_tegra.so from current namespace instead of sphal namespace.
04-29 07:32:51.911  2335  2351 D libEGL  : loaded /system/lib/egl/libGLESv2_tegra.so
04-29 07:32:51.913  2335  2335 V CAM_QuickActivity: START onCreate: Activity = com.android.camera.CameraActivity@821246d
04-29 07:32:51.913  2335  2335 V CAM_Profiler: [  0.000ms][ui] GUARD: CameraActivity.onCreateTasks - START
04-29 07:32:51.914  2335  2335 D CAM_LocationManager: Using legacy location provider.
04-29 07:32:51.928  2335  2335 D CAM_MemoryManagerImpl: Max native memory: 358 MB
04-29 07:32:51.934  2335  2335 W SoundPool: Use of stream types is deprecated for operations other than volume control
04-29 07:32:51.934  2335  2335 W SoundPool: See the documentation of SoundPool() for what to use instead with android.media.AudioAttributes to qualify your playback use case
04-29 07:32:51.935  2335  2335 I CAM_OneCamFtrCnfgCrtr: CaptureModule? true
04-29 07:32:51.944     0     0 E gk20a.0 : unrecognized ioctl cmd: 0x8008486d
04-29 07:32:51.958  2335  2335 I CAM_Profiler: [ 45.121ms][ui] GUARD: CameraActivity.onCreateTasks - [21.395ms] Glide.setup
04-29 07:32:51.963  2335  2335 V CAM_Profiler: [ 50.285ms][ui] GUARD: CameraActivity.onCreateTasks - [ 5.164ms] OneCameraManager.get
04-29 07:32:51.979  2335  2359 V NuMediaExtractor: setDataSource fd=40 (/system/media/audio/ui/camera_click.ogg), offset=0, length=5951
04-29 07:32:51.979  2335  2335 I CameraManagerGlobal: Connecting to camera service
04-29 07:32:51.982  2335  2359 V NuMediaExtractor: track of type 'audio/vorbis' does not publish bitrate
04-29 07:32:51.984  2335  2335 V CAM_SettingsManager: listeners: [com.android.camera.CameraActivity@821246d]
04-29 07:32:51.985   281  1328 I OMXMaster: makeComponentInstance(OMX.google.vorbis.decoder) in android.hardwar process
04-29 07:32:51.995  2335  2335 V CAM_Profiler: [ 82.273ms][ui] GUARD: CameraActivity.onCreateTasks - [ 8.574ms] computePictureSizes
04-29 07:32:52.031  2335  2335 W CAM_Log : Tag RoundedThumbnailView is 1 chars longer than limit.
04-29 07:32:52.124  2335  2335 I CAM_Profiler: [210.680ms][ui] GUARD: CameraActivity.onCreateTasks - [124.867ms] setContentView()
04-29 07:32:52.152  2335  2335 I CAM_Profiler: [238.485ms][ui] GUARD: CameraActivity.onCreateTasks - [27.805ms] Configure Camera UI
04-29 07:32:52.167  2335  2335 V CAM_CameraController: Closing camera
04-29 07:32:52.168  2335  2354 W CAM2PORT_AndCamAgntImp: Releasing camera without any camera opened.
04-29 07:32:52.168  2335  2335 V CAM_ModulesInfo: EnableCaptureModule = true
04-29 07:32:52.174  2335  2335 V CAM_Profiler: [  0.000ms][ui] GUARD: new CaptureModule - START
04-29 07:32:52.176  2335  2335 V CAM_Profiler: [  2.448ms][ui] GUARD: new CaptureModule - STOP
04-29 07:32:52.177  2335  2335 V CAM_SettingsManager: listeners: [com.android.camera.CameraActivity@821246d, com.android.camera.app.CameraAppUI@2909406]
04-29 07:32:52.187  2335  2335 V CAM_SettingsManager: listeners: [com.android.camera.CameraActivity@821246d, com.android.camera.app.CameraAppUI@2909406, com.android.camera.ButtonManager@d858c63]
04-29 07:32:52.188  2335  2335 V CAM_SettingsManager: listeners: [com.android.camera.CameraActivity@821246d, com.android.camera.app.CameraAppUI@2909406, com.android.camera.ButtonManager@d858c63, com.android.camera.widget.IndicatorIconController@2bc3919]
04-29 07:32:52.188  2335  2335 V CAM_Profiler: [275.115ms][ui] GUARD: CameraActivity.onCreateTasks - [11.481ms] Init Current Module UI
04-29 07:32:52.188  2335  2335 V CAM_Profiler: [  0.000ms][ui] GUARD: CaptureModule.init - START
04-29 07:32:52.189  2335  2335 D CAM_CaptureModule: init UseAutotransformUiLayout = false
04-29 07:32:52.191  2335  2335 D CAM_Camera2OneCamMgr: Getting First BACK Camera
04-29 07:32:52.200  2335  2335 W SoundPool: Use of stream types is deprecated for operations other than volume control
04-29 07:32:52.200  2335  2335 W SoundPool: See the documentation of SoundPool() for what to use instead with android.media.AudioAttributes to qualify your playback use case
04-29 07:32:52.200  2335  2369 V NuMediaExtractor: setDataSource fd=47 (/system/priv-app/Camera2/Camera2.apk), offset=6834592, length=19122
04-29 07:32:52.203  2335  2365 V NuMediaExtractor: setDataSource fd=51 (/system/media/audio/ui/camera_click.ogg), offset=0, length=5951
04-29 07:32:52.203  2335  2335 V CAM_Profiler: [ 14.704ms][ui] GUARD: CaptureModule.init - STOP
04-29 07:32:52.204  2335  2335 I CAM_Profiler: [290.502ms][ui] GUARD: CameraActivity.onCreateTasks - [15.387ms] Init CurrentModule
04-29 07:32:52.205  2335  2369 V NuMediaExtractor: track of type 'audio/vorbis' does not publish bitrate
04-29 07:32:52.207  2335  2365 V NuMediaExtractor: track of type 'audio/vorbis' does not publish bitrate
04-29 07:32:52.207   281   303 I OMXMaster: makeComponentInstance(OMX.google.vorbis.decoder) in android.hardwar process
04-29 07:32:52.207  2335  2335 V NFC     : this device does not have NFC support
04-29 07:32:52.209   281  1328 I OMXMaster: makeComponentInstance(OMX.google.vorbis.decoder) in android.hardwar process
04-29 07:32:52.219  2335  2335 I CAM_Profiler: [305.910ms][ui] GUARD: CameraActivity.onCreateTasks - STOP
04-29 07:32:52.219  2335  2335 V CAM_QuickActivity: END onCreate: Activity = com.android.camera.CameraActivity@821246d
04-29 07:32:52.221  2335  2335 V CAM_QuickActivity: START onStart: Activity = com.android.camera.CameraActivity@821246d
04-29 07:32:52.223  2335  2378 D CAM_Storage: External storage state=mounted
04-29 07:32:52.224  2335  2335 V CAM_QuickActivity: END onStart: Activity = com.android.camera.CameraActivity@821246d
04-29 07:32:52.226  2335  2335 V CAM_QuickActivity: START onResume: Activity = com.android.camera.CameraActivity@821246d
04-29 07:32:52.227  2335  2335 V CAM_QuickActivity: onResume(): isKeyguardLocked() = true
04-29 07:32:52.227  2335  2335 V CAM_QuickActivity: onResume() --> postDelayed(mOnResumeTasks,15)
04-29 07:32:52.228  2335  2335 V CAM_QuickActivity: END onResume: Activity = com.android.camera.CameraActivity@821246d
04-29 07:32:52.228  2335  2335 I am_on_resume_called: [0,com.android.camera.CameraActivity,LAUNCH_ACTIVITY]
04-29 07:32:52.235  2335  2379 D OpenGLRenderer: HWUI GL Pipeline
04-29 07:32:52.238   485  1186 E WindowManager: App trying to use insecure INPUT_FEATURE_NO_INPUT_CHANNEL flag. Ignoring
04-29 07:32:52.240  2335  2335 V CAM_QuickActivity: START onPause: Activity = com.android.camera.CameraActivity@821246d
04-29 07:32:52.240  2335  2335 V CAM_QuickActivity: END onPause: Activity = com.android.camera.CameraActivity@821246d
04-29 07:32:52.240  2335  2335 I am_on_paused_called: [0,com.android.camera.CameraActivity,handlePauseActivity]
04-29 07:32:52.240   485  1091 I am_failed_to_pause: [0,17454414,com.android.camera2/com.android.camera.CameraActivity,(none)]
04-29 07:32:52.242  2335  2335 V CAM_QuickActivity: START onStop: Activity = com.android.camera.CameraActivity@821246d
04-29 07:32:52.242  2335  2335 D CAM_LcyLocProvider: disconnect
04-29 07:32:52.242  2335  2335 V CAM_QuickActivity: END onStop: Activity = com.android.camera.CameraActivity@821246d
04-29 07:32:52.242  2335  2335 I am_on_stop_called: [0,com.android.camera.CameraActivity,handleStopActivity]
04-29 07:32:52.243  2335  2335 V CAM_CameraActivity: ignoring storage callback after activity pause
04-29 07:32:52.262  2335  2377 V CAM_CameraDataAdapter: retrieved photo metadata, number of items: 0
04-29 07:32:52.262  2335  2377 V CAM_CameraDataAdapter: retrieved video metadata, number of items: 0
04-29 07:32:52.262  2335  2377 V CAM_CameraDataAdapter: sorting video/photo metadata
04-29 07:32:52.263  2335  2377 V CAM_CameraDataAdapter: sorted video/photo metadata
04-29 07:32:52.268   485  1196 I am_uid_active: 10007
04-29 07:32:52.273  2335  2335 V CAM_CameraDataAdapter: new photos query return num items: 0
04-29 07:32:52.304  2335  2376 D CAM_MemoryQuery: timestamp=377238, availMem=888, totalMem=1935, totalPSS=12, lastTrimLevel=0, largeMemoryClass=512, nativePSS=4, dalvikPSS=2, otherPSS=6,threshold=144, lowMemory=false
04-29 07:32:52.950   485   624 I sysui_histogram: [power_consecutive_short_tap_count,1]
04-29 07:32:52.950   485   624 I sysui_multi_action: [757,804,799,power_consecutive_short_tap_count,801,1,802,1]
04-29 07:32:52.950   485   624 I sysui_histogram: [power_double_tap_interval,245655]
04-29 07:32:52.950   485   624 I sysui_multi_action: [757,804,799,power_double_tap_interval,801,245655,802,1]
04-29 07:32:52.950   485   624 I PowerManagerService: Waking up from dozing (uid=1000 reason=android.policy:POWER)...
04-29 07:32:52.951   485   485 I screen_toggled: 1
04-29 07:32:52.951   485   485 I power_screen_broadcast_send: 1
04-29 07:32:52.951   198   198 I android.hardware.power@1.0-service.mocha: power_set_interactive
04-29 07:32:52.951   485   574 I DisplayPowerController: Blocking screen on until initial contents have been drawn.
04-29 07:32:52.951   485   574 E SensorManager: sensor or listener is null
04-29 07:32:52.952   485   572 I DisplayManagerService: Display device changed state: "Built-in Screen", ON
04-29 07:32:52.952   205   205 D SurfaceFlinger: Set power mode=2, type=0 flinger=0xabdd3000
04-29 07:32:52.952   205   205 D hwcomposer: hwc_blank: display 0: unblank
04-29 07:32:52.952   205   205 D hwcomposer: hwc_blank_display: display 0: [1 -> 0]
04-29 07:32:52.952   205   205 D hwcomposer: Display 0 layer clip is 1536 x 2048
04-29 07:32:52.952   205   205 D hwcomposer: Display 0 device clip is 1536 x 2048
04-29 07:32:52.952   205   205 D hwcomposer: dc_blank: display 0, [1 -> 0]
04-29 07:32:52.952     0     0 I panel   : tegra_fb_blank  FB_BLANK_UNBLANK  +++
04-29 07:32:52.953     0     0 I state_notifier: resume called.
04-29 07:32:52.953     0     0 W dynamic fsync: damn son, I'M ACTIVE-STATE#####
04-29 07:32:52.953     0     0 I state_notifier: resume completed.
04-29 07:32:52.954   270   270 W tinyhal : adev_set_parameters 'screen_state=on'
--------- beginning of radio
04-29 07:32:52.960  1155  1155 D DCT     : [0]screen on
04-29 07:32:52.961  1155  1155 D DCT     : [0]stopNetStatPoll
04-29 07:32:52.962   485   624 I InputReader: Reconfiguring input devices.  changes=0x00000004
04-29 07:32:52.999     0     0 W dhd_set_suspend: Remove extra suspend setting
04-29 07:32:53.005     0     0 I panel   : dsi_s_wqxga_7_9_enable
04-29 07:32:53.009   485  1196 I sysui_view_visibility: [127,100]
04-29 07:32:53.009   485  1196 I sysui_multi_action: [757,127,758,1]
04-29 07:32:53.009   485  1196 I sysui_histogram: [note_load,3]
04-29 07:32:53.009   485  1196 I sysui_multi_action: [757,804,799,note_load,801,3,802,1]
04-29 07:32:53.009   485  1196 I notification_panel_revealed: 3
04-29 07:32:53.009  1094  1094 D StatusBar: disable<e i A s b H R c S q >
04-29 07:32:53.018  1094  1094 I chatty  : uid=10027(com.android.systemui) identical 2 lines
04-29 07:32:53.018  1094  1094 D StatusBar: disable<e i A s b H R c S q >
04-29 07:32:53.045     0     0 I tegradc.0: nominal-pclk:6666000 parent:9937500 div:1.5 pclk:6625000 6599340~7265940
04-29 07:32:53.140     0     0 I tegradc.0: DSI pad calibration done
04-29 07:32:53.140     0     0 I tegradc.0: DSI pad calibration done
04-29 07:32:53.166   485   624 I WindowManager: Suppressed redundant power key press while already in the process of turning the screen on.
04-29 07:32:53.283     0     0 I panel   : tegra_fb_blank  FB_BLANK_UNBLANK  +++ return!
04-29 07:32:53.288   485  1053 D SurfaceControl: Excessive delay in setPowerMode()
04-29 07:32:53.297   485   485 I power_screen_broadcast_done: [1,346,1]
04-29 07:32:53.330   199   601 D SensorHAL: lsm6db0_accel: power-on.
04-29 07:32:53.363   485   574 I DisplayPowerController: Unblocked screen on after 412 ms
04-29 07:32:53.364   485   574 I sysui_multi_action: [757,198,758,1,759,0,793,415]
04-29 07:32:53.364   485   574 I power_screen_state: [1,0,0,0,415]
04-29 07:32:53.364   485   574 W PowerManagerService: Screen on took 415 ms
04-29 07:32:53.364   485   574 I DreamManagerService: Gently waking up from dream.
04-29 07:32:53.365   485   570 I DreamManagerService: Performing gentle wake from dream.
04-29 07:32:53.368     0     0 W lp855x 0-002c: dump registers  0x01 -value- 0x82
04-29 07:32:53.381   485  1186 I DreamManagerService: Leaving dreamland.
04-29 07:32:53.381   485   570 I DreamManagerService: Performing gentle wake from dream.
04-29 07:32:53.382   485   570 I DreamController: Stopping dream: name=ComponentInfo{com.android.systemui/com.android.systemui.doze.DozeService}, isTest=false, canDoze=true, userId=0
04-29 07:32:53.382   485   570 I sysui_view_visibility: [223,0]
04-29 07:32:53.382   485   570 I sysui_multi_action: [757,223,758,2]
04-29 07:32:53.382   485   570 I sysui_histogram: [dozing_minutes,2]
04-29 07:32:53.382   485   570 I sysui_multi_action: [757,804,799,dozing_minutes,801,2,802,1]
04-29 07:32:53.520   485  1490 I sysui_multi_action: [757,128,758,1,793,348067,794,0,795,348067,796,26,798,1,806,android,857,DEVELOPER,858,2,947,0]
04-29 07:32:53.520   485  1490 I sysui_histogram: [note_freshness,348067]
04-29 07:32:53.521   485  1490 I sysui_multi_action: [757,804,799,note_freshness,801,348067,802,1]
04-29 07:32:53.521   485  1490 I notification_visibility: [-1|android|26|null|1000,1,348067,348067,0,1]
04-29 07:32:53.521   485  1490 I sysui_multi_action: [757,128,758,1,793,348612,794,0,795,348612,796,89,798,0,806,android,857,TrustInterface,858,4,947,0]
04-29 07:32:53.521   485  1490 I sysui_histogram: [note_freshness,348612]
04-29 07:32:53.521   485  1490 I sysui_multi_action: [757,804,799,note_freshness,801,348612,802,1]
04-29 07:32:53.521   485  1490 I notification_visibility: [0|android|89|null|1000,1,348612,348612,0,0]
04-29 07:32:54.202  1094  1094 I sysui_multi_action: [757,186,758,4,826,235,827,6252]
04-29 07:32:54.202  1094  1094 I sysui_lockscreen_gesture: [1,235,6252]
04-29 07:32:54.304   485  1186 I sysui_multi_action: [757,128,758,2,793,348851,794,784,795,348851,796,26,798,1,806,android,857,DEVELOPER,858,2,947,0]
04-29 07:32:54.304   485  1186 I notification_visibility: [-1|android|26|null|1000,0,348851,348851,0,1]
04-29 07:32:54.305   485  1186 I sysui_multi_action: [757,128,758,2,793,349395,794,783,795,349395,796,89,798,0,806,android,857,TrustInterface,858,4,947,0]
04-29 07:32:54.305   485  1186 I notification_visibility: [0|android|89|null|1000,0,349395,349395,0,0]
04-29 07:32:54.305   485  1092 I sysui_view_visibility: [127,0]
04-29 07:32:54.305   485  1092 I sysui_multi_action: [757,127,758,2]
04-29 07:32:54.305   485  1092 I notification_panel_hidden: 
04-29 07:32:54.309   485  1186 I am_set_resumed_activity: [0,com.android.camera2/com.android.camera.CameraActivity,resumeTopActivityInnerLocked]
04-29 07:32:54.310   485  1186 I am_resume_activity: [0,17454414,10,com.android.camera2/com.android.camera.CameraActivity]
04-29 07:32:54.316   485   624 I InputReader: Reconfiguring input devices.  changes=0x00000004
04-29 07:32:54.317  1094  1094 D StatusBar: disable<e i A s b H R c S q >
04-29 07:32:54.332  2335  2335 V CAM_QuickActivity: START onRestart: Activity = com.android.camera.CameraActivity@821246d
04-29 07:32:54.332  2335  2335 V CAM_QuickActivity: END onRestart: Activity = com.android.camera.CameraActivity@821246d
04-29 07:32:54.332  2335  2335 V CAM_QuickActivity: START onStart: Activity = com.android.camera.CameraActivity@821246d
04-29 07:32:54.333  2335  2335 V CAM_QuickActivity: END onStart: Activity = com.android.camera.CameraActivity@821246d
04-29 07:32:54.333  2335  2335 V CAM_QuickActivity: START onResume: Activity = com.android.camera.CameraActivity@821246d
04-29 07:32:54.333  2335  2335 V CAM_QuickActivity: onResume(): isKeyguardLocked() = true
04-29 07:32:54.333  2335  2335 V CAM_QuickActivity: onResume --> onResumeTasks()
04-29 07:32:54.334  2335  2335 V CAM_Profiler: [  0.000ms][ui] GUARD: CameraActivity.resume - START
04-29 07:32:54.334  2335  2335 V CAM_CameraActivity: Build info: lineage_mocha-eng 8.1.0 OPM7.181205.001 6a488fd91d test-keys
04-29 07:32:54.337  2335  2377 D CAM_Storage: External storage state=mounted
04-29 07:32:54.340  2335  2335 V CAM_Profiler: [  0.000ms][ui] GUARD: CaptureModule.resume - START
04-29 07:32:54.341  2335  2335 V CAM_Profiler: [  1.199ms][ui] GUARD: CaptureModule.resume - [ 0.059ms] getRemoteShutterListener.onModuleReady
04-29 07:32:54.344  2335  2369 V NuMediaExtractor: setDataSource fd=56 (/system/priv-app/Camera2/Camera2.apk), offset=6873096, length=7617
04-29 07:32:54.348  2335  2369 V NuMediaExtractor: track of type 'audio/vorbis' does not publish bitrate
04-29 07:32:54.350   281   303 I OMXMaster: makeComponentInstance(OMX.google.vorbis.decoder) in android.hardwar process
04-29 07:32:54.378   199   601 D SensorHAL: lsm6db0_magn: power-on.
04-29 07:32:54.379  2335  2335 I CAM_Profiler: [ 38.616ms][ui] GUARD: CaptureModule.resume - [34.654ms] mHeadingSensor.activate()
04-29 07:32:54.379  2335  2335 I CAM_Profiler: [ 38.616ms][ui] GUARD: CaptureModule.resume - STOP
04-29 07:32:54.379  2335  2335 I CAM_Profiler: [ 44.789ms][ui] GUARD: CameraActivity.resume - [39.420ms] mCurrentModule.resume
04-29 07:32:54.380  2335  2335 V CAM_Profiler: [ 45.864ms][ui] GUARD: CameraActivity.resume - [ 0.020ms] mPanoramaViewHelper.onResume()
04-29 07:32:54.380  2335  2335 V CAM_LcyLocProvider: starting location updates
04-29 07:32:54.383  2335  2335 D CAM_LcyLocProvider: provider does not exist provider doesn't exist: network
04-29 07:32:54.383  2335  2369 V NuMediaExtractor: setDataSource fd=58 (/system/priv-app/Camera2/Camera2.apk), offset=6880776, length=7755
04-29 07:32:54.384  2335  2335 D CAM_LcyLocProvider: provider does not exist provider doesn't exist: gps
04-29 07:32:54.384  2335  2335 D CAM_LcyLocProvider: startReceivingLocationUpdates
04-29 07:32:54.384  2335  2335 I CAM_Profiler: [ 49.461ms][ui] GUARD: CameraActivity.resume - STOP
04-29 07:32:54.384  2335  2335 V CAM_QuickActivity: END onResume: Activity = com.android.camera.CameraActivity@821246d
04-29 07:32:54.385  2335  2335 I am_on_resume_called: [0,com.android.camera.CameraActivity,RESUME_ACTIVITY]
04-29 07:32:54.389  2335  2369 V NuMediaExtractor: track of type 'audio/vorbis' does not publish bitrate
04-29 07:32:54.391   281   303 I OMXMaster: makeComponentInstance(OMX.google.vorbis.decoder) in android.hardwar process
04-29 07:32:54.426  2335  2335 V CAM_TexViewHelper: onLayoutChange
04-29 07:32:54.428  2335  2335 V CAM_TexViewHelper: updateTransform
04-29 07:32:54.429  2335  2335 V CAM_TexViewHelper: setAspectRatio: 0.0
04-29 07:32:54.429  2335  2335 D CAM_CaptureModule: updatePreviewTransform: 1536 x 2048
04-29 07:32:54.432  2335  2335 V CAM_TexViewHelper: setAspectRatio: NaN
04-29 07:32:54.432  2335  2335 V CAM_TexViewHelper: aspect ratio changed from: 0.0
04-29 07:32:54.442  2335  2335 V CAM_CameraActivity: ignoring storage callback after activity pause
04-29 07:32:54.442     0     0 E gk20a.0 : unrecognized ioctl cmd: 0x8008486d
04-29 07:32:54.443  2335  2335 V CAM_FocusController: configurePreviewDimensions(RectF(0.0, 0.0, 0.0, 0.0))
04-29 07:32:54.469  2335  2379 D vndksupport: Loading /vendor/lib/hw/gralloc.tegra.so from current namespace instead of sphal namespace.
04-29 07:32:54.473  2335  2379 I com.android.camera2: android::hardware::configstore::V1_0::ISurfaceFlingerConfigs::hasWideColorDisplay retrieved: 0
04-29 07:32:54.473  2335  2379 I OpenGLRenderer: Initialized EGL, version 1.4
04-29 07:32:54.473  2335  2379 D OpenGLRenderer: Swap behavior 2
04-29 07:32:54.537  2335  2379 I         : Loading GLESv2 implementation libGLESv2_tegra_impl
04-29 07:32:54.550  2335  2379 D vndksupport: Loading /vendor/lib/hw/android.hardware.graphics.mapper@2.0-impl.so from current namespace instead of sphal namespace.
04-29 07:32:54.552  2335  2379 D vndksupport: Loading /vendor/lib/hw/gralloc.tegra.so from current namespace instead of sphal namespace.
04-29 07:32:54.555  2335  2379 D vndksupport: Loading /vendor/lib/hw/gralloc.tegra.so from current namespace instead of sphal namespace.
04-29 07:32:54.572  2335  2335 V CAM_TexViewHelper: updateTransform
04-29 07:32:54.573  2335  2335 V CAM_CameraAppUI: SurfaceTexture is available
04-29 07:32:54.573  2335  2335 D CAM_CaptureModule: onSurfaceTextureAvailable
04-29 07:32:54.573  2335  2335 D CAM_CaptureModule: updatePreviewTransform: 1536 x 2048
04-29 07:32:54.575  2335  2335 V CAM_TexViewHelper: setAspectRatio: NaN
04-29 07:32:54.575  2335  2335 V CAM_TexViewHelper: aspect ratio changed from: NaN
04-29 07:32:54.577  2335  2335 I CAM_FocusRingView: Computing center via view bounds.
04-29 07:32:54.577  2335  2378 V CAM_Profiler: [  0.000ms] GUARD: CaptureModule.closeCamera() - START
04-29 07:32:54.578  2335  2378 V CAM_Profiler: [  0.794ms] GUARD: CaptureModule.closeCamera() - [ 0.794ms] mCameraOpenCloseLock.acquire()
04-29 07:32:54.579  2335  2378 V CAM_Profiler: [  1.574ms] GUARD: CaptureModule.closeCamera() - STOP
04-29 07:32:54.579  2335  2378 V CAM_Profiler: [  0.000ms] GUARD: CaptureModule.openCameraAndStartPreview() - START
04-29 07:32:54.579  2335  2378 V CAM_Profiler: [  0.286ms] GUARD: CaptureModule.openCameraAndStartPreview() - [ 0.286ms] Acquired mCameraOpenCloseLock
04-29 07:32:54.581  2335  2378 D CAM_Camera2OneCamMgr: Getting First BACK Camera
04-29 07:32:54.585  2335  2335 I auditd  : type=1400 audit(0.0:253): avc: denied { read write } for comm="RenderThread" name="tegra-throughput" dev="tmpfs" ino=5716 scontext=u:r:platform_app:s0:c512,c768 tcontext=u:object_r:video_device:s0 tclass=chr_file permissive=1
04-29 07:32:54.585  2335  2335 I RenderThread: type=1400 audit(0.0:253): avc: denied { read write } for name="tegra-throughput" dev="tmpfs" ino=5716 scontext=u:r:platform_app:s0:c512,c768 tcontext=u:object_r:video_device:s0 tclass=chr_file permissive=1
04-29 07:32:54.585  2335  2335 I auditd  : type=1400 audit(0.0:254): avc: denied { open } for comm="RenderThread" path="/dev/tegra-throughput" dev="tmpfs" ino=5716 scontext=u:r:platform_app:s0:c512,c768 tcontext=u:object_r:video_device:s0 tclass=chr_file permissive=1
04-29 07:32:54.585  2335  2335 I RenderThread: type=1400 audit(0.0:254): avc: denied { open } for path="/dev/tegra-throughput" dev="tmpfs" ino=5716 scontext=u:r:platform_app:s0:c512,c768 tcontext=u:object_r:video_device:s0 tclass=chr_file permissive=1
04-29 07:32:54.585  2335  2335 I auditd  : type=1400 audit(0.0:255): avc: denied { ioctl } for comm="RenderThread" path="/dev/tegra-throughput" dev="tmpfs" ino=5716 ioctlcmd=6701 scontext=u:r:platform_app:s0:c512,c768 tcontext=u:object_r:video_device:s0 tclass=chr_file permissive=1
04-29 07:32:54.585  2335  2335 I RenderThread: type=1400 audit(0.0:255): avc: denied { ioctl } for path="/dev/tegra-throughput" dev="tmpfs" ino=5716 ioctlcmd=6701 scontext=u:r:platform_app:s0:c512,c768 tcontext=u:object_r:video_device:s0 tclass=chr_file permissive=1
04-29 07:32:54.585  2335  2335 I auditd  : type=1400 audit(0.0:256): avc: denied { write } for comm="RenderThread" name="phsd.ctl" dev="mmcblk0p29" ino=98172 scontext=u:r:platform_app:s0:c512,c768 tcontext=u:object_r:system_data_file:s0 tclass=sock_file permissive=1
04-29 07:32:54.585  2335  2335 I RenderThread: type=1400 audit(0.0:256): avc: denied { write } for name="phsd.ctl" dev="mmcblk0p29" ino=98172 scontext=u:r:platform_app:s0:c512,c768 tcontext=u:object_r:system_data_file:s0 tclass=sock_file permissive=1
04-29 07:32:54.590  2335  2378 I CAM_OneCamera1Opnr: Opening Camera: CameraId{Api2='0',Api1:0}
04-29 07:32:54.590  2335  2378 V CAM_ActvCamDevTrckr: Tracking active camera: null
04-29 07:32:54.595   265   265 I CameraService: CameraService::connect call (PID -1 "com.android.camera2", camera ID 0) for HAL version default and Camera API version 2
04-29 07:32:54.596   265   265 I Camera2ClientBase: Camera 0: Opened. Client: com.android.camera2 (PID 2335, UID 10014)
04-29 07:32:54.596   265   265 I CameraDeviceClient: CameraDeviceClient 0: Opened
04-29 07:32:54.599   265   265 V CameraWrapper: check_vendor_module
04-29 07:32:54.599   265   265 V Camera3Wrapper: camera3_device_open
04-29 07:32:54.599   265   265 V Camera3Wrapper: check_vendor_module
04-29 07:32:54.599   265   265 D         : NvCameraTNR: ++
04-29 07:32:54.602   265   265 D         : NvCameraTNR: --
04-29 07:32:54.635  1094  1094 D StatusBar: disable<e i A s b H R c S q >
04-29 07:32:54.637  1094  1094 D StatusBar: disable<e i A s b H R c S q >
04-29 07:32:54.639  1094  1188 W AudioTrack: AUDIO_OUTPUT_FLAG_FAST denied, rates do not match 44100 Hz, require 48000 Hz
04-29 07:32:54.642   485   572 I am_activity_launch_time: [0,17454414,com.android.camera2/com.android.camera.CameraActivity,4715,4715]
04-29 07:32:54.642   485   572 I ActivityManager: Displayed com.android.camera2/com.android.camera.CameraActivity: +4s715ms
04-29 07:32:54.645  2335  2335 V CAM_FocusController: configurePreviewDimensions(RectF(NaN, NaN, NaN, NaN))
04-29 07:32:54.645  2335  2335 I CAM_FocusRingView: Computing center via view bounds.
04-29 07:32:54.646  2335  2335 V CAM_FocusController: configurePreviewDimensions(RectF(NaN, NaN, NaN, NaN))
04-29 07:32:54.646  2335  2335 I CAM_FocusRingView: Computing center via view bounds.
04-29 07:32:54.647  2335  2335 V CAM_FocusController: configurePreviewDimensions(RectF(NaN, NaN, NaN, NaN))
04-29 07:32:54.647  2335  2335 I CAM_FocusRingView: Computing center via view bounds.
04-29 07:32:54.649  1094  1094 I sysui_view_visibility: [111,0]
04-29 07:32:54.650  1094  1094 I sysui_multi_action: [757,111,758,2]
04-29 07:32:54.650   265   265 D NvOsDebugPrintf: NvOdmImagerGetLayout: PCL layout not detected - 2
04-29 07:32:54.650   265  2390 D CameraWrapper: NvOdmImagerGetLayout: PCL layout not detected - 2
04-29 07:32:54.652   265   265 D NvOsDebugPrintf: NvOdmImagerGetLayout: PCL layout not detected - 2
04-29 07:32:54.652   265   265 D NvOsDebugPrintf: NvPclStateControllerOpen: device detection on this platform is not supported
04-29 07:32:54.652   265   265 D NvOsDebugPrintf: NvOdmImagerGetLayout: PCL layout not detected - 2
04-29 07:32:54.652   265   265 D NvOsDebugPrintf: NvPclStateControllerOpen: attempting to use backup default module list
04-29 07:32:54.652   265  2390 D CameraWrapper: NvOdmImagerGetLayout: PCL layout not detected - 2
04-29 07:32:54.652   265  2390 D CameraWrapper: NvPclStateControllerOpen: device detection on this platform is not supported
04-29 07:32:54.652   265  2390 D CameraWrapper: NvOdmImagerGetLayout: PCL layout not detected - 2
04-29 07:32:54.652   265  2390 D CameraWrapper: NvPclStateControllerOpen: attempting to use backup default module list
04-29 07:32:54.652     0     0 I         : ardbeg_ad5823_power_on
04-29 07:32:54.652     0     0 I         : ardbeg_imx179_power_on
04-29 07:32:54.656     0     0 I         : ardbeg_imx179_power_on finished
04-29 07:32:54.656     0     0 I         : imx179_get_sensor_id
04-29 07:32:54.657  1094  1094 I sysui_multi_action: [757,196,758,2,759,0]
04-29 07:32:54.657  1094  1094 I sysui_status_bar_state: [0,0,0,0,0,1]
04-29 07:32:54.661   485  1092 I notification_expansion: [0|android|89|null|1000,0,1,349752,349752,1140]
04-29 07:32:54.693  1094  1094 D StatusBar: disable<e i A s b h!r!c S q >
04-29 07:32:54.758   265   265 D NvOsDebugPrintf: Get otp vendor 0x0, size: 1
04-29 07:32:54.758   265  2390 D CameraWrapper: Get otp vendor 0x0, size: 1
04-29 07:32:54.758     0     0 I         : imx179 module vendor ID: 0x08 06
04-29 07:32:54.763   265   265 D NvOsDebugPrintf: NvCameraIspInitialize: disable3A=0x0
04-29 07:32:54.764   265  2390 D CameraWrapper: NvCameraIspInitialize: disable3A=0x0
04-29 07:32:54.768   265   265 D NvOsDebugPrintf: LSC: LSC surface is not based on full res!
04-29 07:32:54.768   265  2390 D CameraWrapper: LSC: LSC surface is not based on full res!
04-29 07:32:54.774   265   265 D NvOsDebugPrintf: -- NvIspAFinit -- min 176, max 544
04-29 07:32:54.774   265   265 D NvOsDebugPrintf: NvIspSetStats: WARNING: FM can't be enabled because AP is not enabled!!
04-29 07:32:54.774   265  2390 D CameraWrapper: -- NvIspAFinit -- min 176, max 544
04-29 07:32:54.774   265  2390 D CameraWrapper: NvIspSetStats: WARNING: FM can't be enabled because AP is not enabled!!
04-29 07:32:54.780   265   265 V Camera3Wrapper: camera3_device_open: got vendor camera device 0xAEEA4DA0
04-29 07:32:54.780   265   265 V Camera3Wrapper: camera3_initialize->AEEA4D00->AEEA4DA0
04-29 07:32:54.786  2335  2378 I CAM_Profiler: [206.583ms] GUARD: CaptureModule.openCameraAndStartPreview() - [206.296ms] mOneCameraOpener.open()
04-29 07:32:54.786  2335  2378 I CAM_Profiler: [206.583ms] GUARD: CaptureModule.openCameraAndStartPreview() - STOP
04-29 07:32:54.791  2335  2366 I CAM_OneCamCreator: Camera support level: ZSL
--------- beginning of crash
04-29 07:32:54.814  2335  2366 E AndroidRuntime: FATAL EXCEPTION: CaptureModule.mCameraHandler
04-29 07:32:54.814  2335  2366 E AndroidRuntime: Process: com.android.camera2, PID: 2335
04-29 07:32:54.814  2335  2366 E AndroidRuntime: java.lang.NullPointerException: Attempt to get length of null array
04-29 07:32:54.814  2335  2366 E AndroidRuntime: 	at com.android.camera.one.v2.OneCameraCharacteristicsImpl.getSupportedPictureSizes(OneCameraCharacteristicsImpl.java:72)
04-29 07:32:54.814  2335  2366 E AndroidRuntime: 	at com.android.camera.one.v2.common.PictureSizeCalculator.computeConfiguration(PictureSizeCalculator.java:147)
04-29 07:32:54.814  2335  2366 E AndroidRuntime: 	at com.android.camera.one.v2.OneCameraCreator.create(OneCameraCreator.java:110)
04-29 07:32:54.814  2335  2366 E AndroidRuntime: 	at com.android.camera.one.v2.Camera2OneCameraOpenerImpl$1.onOpened(Camera2OneCameraOpenerImpl.java:167)
04-29 07:32:54.814  2335  2366 E AndroidRuntime: 	at android.hardware.camera2.impl.CameraDeviceImpl$1.run(CameraDeviceImpl.java:139)
04-29 07:32:54.814  2335  2366 E AndroidRuntime: 	at android.os.Handler.handleCallback(Handler.java:790)
04-29 07:32:54.814  2335  2366 E AndroidRuntime: 	at android.os.Handler.dispatchMessage(Handler.java:99)
04-29 07:32:54.814  2335  2366 E AndroidRuntime: 	at android.os.Looper.loop(Looper.java:164)
04-29 07:32:54.814  2335  2366 E AndroidRuntime: 	at android.os.HandlerThread.run(HandlerThread.java:65)
04-29 07:32:54.816   485  1196 I am_crash: [2335,0,com.android.camera2,821607493,java.lang.NullPointerException,Attempt to get length of null array,OneCameraCharacteristicsImpl.java,72]
04-29 07:32:54.817   485  1196 W ActivityManager:   Force finishing activity com.android.camera2/com.android.camera.CameraActivity
04-29 07:32:54.817   485  1196 I am_finish_activity: [0,17454414,10,com.android.camera2/com.android.camera.CameraActivity,force-crash]
04-29 07:32:54.817   485  1196 I am_focused_stack: [0,0,1,finishActivity adjustFocus]
04-29 07:32:54.818   485  1196 I wm_task_moved: [7,1,0]
04-29 07:32:54.818   485  1196 I am_pause_activity: [0,17454414,com.android.camera2/com.android.camera.CameraActivity]
04-29 07:32:54.821   485   542 I sysui_count: [window_time_0,3]
04-29 07:32:54.821   485   542 I sysui_multi_action: [757,803,799,window_time_0,802,3]
04-29 07:32:54.822   485   543 I ActivityManager: Showing crash dialog for package com.android.camera2 u0
04-29 07:32:54.834  2335  2335 V CAM_QuickActivity: START onPause: Activity = com.android.camera.CameraActivity@821246d
04-29 07:32:54.835  2335  2335 V CAM_QuickActivity: onPause --> onPauseTasks()
04-29 07:32:54.835  2335  2335 V CAM_Profiler: [  0.000ms][ui] GUARD: CameraActivity.onPause - START
04-29 07:32:54.838  2335  2335 D CAM_Camera2OneCamMgr: Getting First FRONT Camera
04-29 07:32:54.846   199   199 I auditd  : type=1400 audit(0.0:257): avc: denied { read } for comm="HwBinder:199_1" name="devices" dev="sysfs" ino=3452 scontext=u:r:hal_sensors_default:s0 tcontext=u:object_r:sysfs:s0 tclass=dir permissive=1
04-29 07:32:54.846   199   199 I HwBinder:199_1: type=1400 audit(0.0:257): avc: denied { read } for name="devices" dev="sysfs" ino=3452 scontext=u:r:hal_sensors_default:s0 tcontext=u:object_r:sysfs:s0 tclass=dir permissive=1
04-29 07:32:54.846   199   199 I auditd  : type=1400 audit(0.0:258): avc: denied { open } for comm="HwBinder:199_1" path="/sys/bus/iio/devices" dev="sysfs" ino=3452 scontext=u:r:hal_sensors_default:s0 tcontext=u:object_r:sysfs:s0 tclass=dir permissive=1
04-29 07:32:54.846   199   199 I HwBinder:199_1: type=1400 audit(0.0:258): avc: denied { open } for path="/sys/bus/iio/devices" dev="sysfs" ino=3452 scontext=u:r:hal_sensors_default:s0 tcontext=u:object_r:sysfs:s0 tclass=dir permissive=1
04-29 07:32:54.859   485  1989 I OpenGLRenderer: Initialized EGL, version 1.4
04-29 07:32:54.859   485  1989 D OpenGLRenderer: Swap behavior 2
04-29 07:32:54.888   199   601 E SensorHAL: Failed to save calibration data.
04-29 07:32:54.921   199   601 D SensorHAL: lsm6db0_magn: power-off.
04-29 07:32:54.922  2335  2335 V CAM_Profiler: [  0.000ms][ui] GUARD: CaptureModule.closeCamera() - START
04-29 07:32:55.319   485   542 W ActivityManager: Activity pause timeout for ActivityRecord{10a554e u0 com.android.camera2/com.android.camera.CameraActivity t10 f}
04-29 07:32:55.334   485   542 I am_set_resumed_activity: [0,org.lineageos.trebuchet/com.android.launcher3.searchlauncher.SearchLauncher,resumeTopActivityInnerLocked]
04-29 07:32:55.337   485   542 I am_resume_activity: [0,53441057,7,org.lineageos.trebuchet/com.android.launcher3.searchlauncher.SearchLauncher]
04-29 07:32:55.367   485   542 I sysui_count: [window_time_0,1]
04-29 07:32:55.368   485   542 I sysui_multi_action: [757,803,799,window_time_0,802,1]
04-29 07:32:55.386   485  1091 W ActivityManager: Unable to start service Intent { act=com.android.launcher3.WINDOW_OVERLAY dat=app://org.lineageos.trebuchet:10008?v=7&cv=9 pkg=com.google.android.googlequicksearchbox } U=0: not found
04-29 07:32:55.400  1531  1531 I am_on_resume_called: [0,com.android.launcher3.searchlauncher.SearchLauncher,RESUME_ACTIVITY]
04-29 07:32:55.517  1531  1531 I auditd  : type=1400 audit(0.0:259): avc: denied { read write } for comm="RenderThread" name="tegra-throughput" dev="tmpfs" ino=5716 scontext=u:r:priv_app:s0:c512,c768 tcontext=u:object_r:video_device:s0 tclass=chr_file permissive=1
04-29 07:32:55.517  1531  1531 I RenderThread: type=1400 audit(0.0:259): avc: denied { read write } for name="tegra-throughput" dev="tmpfs" ino=5716 scontext=u:r:priv_app:s0:c512,c768 tcontext=u:object_r:video_device:s0 tclass=chr_file permissive=1
04-29 07:32:55.517  1531  1531 I auditd  : type=1400 audit(0.0:260): avc: denied { open } for comm="RenderThread" path="/dev/tegra-throughput" dev="tmpfs" ino=5716 scontext=u:r:priv_app:s0:c512,c768 tcontext=u:object_r:video_device:s0 tclass=chr_file permissive=1
04-29 07:32:55.517  1531  1531 I RenderThread: type=1400 audit(0.0:260): avc: denied { open } for path="/dev/tegra-throughput" dev="tmpfs" ino=5716 scontext=u:r:priv_app:s0:c512,c768 tcontext=u:object_r:video_device:s0 tclass=chr_file permissive=1
04-29 07:32:55.518  1531  1531 I auditd  : type=1400 audit(0.0:261): avc: denied { ioctl } for comm="RenderThread" path="/dev/tegra-throughput" dev="tmpfs" ino=5716 ioctlcmd=6701 scontext=u:r:priv_app:s0:c512,c768 tcontext=u:object_r:video_device:s0 tclass=chr_file permissive=1
04-29 07:32:55.518  1531  1531 I RenderThread: type=1400 audit(0.0:261): avc: denied { ioctl } for path="/dev/tegra-throughput" dev="tmpfs" ino=5716 ioctlcmd=6701 scontext=u:r:priv_app:s0:c512,c768 tcontext=u:object_r:video_device:s0 tclass=chr_file permissive=1
04-29 07:32:55.665   485   598 I dvm_lock_sample: [system_server,1,android.anim,18,WindowAnimator.java,156,void com.android.server.wm.WindowAnimator.animate(long),WindowManagerService.java,1945,int com.android.server.wm.WindowManagerService.relayoutWindow(com.android.server.wm.Session, android.view.IWindow, int, android.view.WindowManager$LayoutParams, int, int, int, int, android.graphics.Rect, android.graphics.Rect, android.graphics.Rect, android.graphics.Rect, android.graphics.Rect, android.graphics.Rect, android.graphics.Rect, android.util.MergedConfiguration, android.view.Surface),3]
04-29 07:32:55.888   485   542 I am_destroy_activity: [0,17454414,10,com.android.camera2/com.android.camera.CameraActivity,finish-imm]
04-29 07:32:56.044  1531  2057 W OpenGLRenderer: Incorrectly called buildLayer on View: ShortcutAndWidgetContainer, destroying layer...
04-29 07:32:56.044  1531  2057 W OpenGLRenderer: Incorrectly called buildLayer on View: ShortcutAndWidgetContainer, destroying layer...
04-29 07:32:56.914   485  1186 D WificondControl: Scan result ready event
04-29 07:32:56.936   485  1026 W WifiConfigManager: Looking up network with invalid networkId -1
04-29 07:32:59.786   485  1196 I sysui_action: [316,1]
04-29 07:32:59.786   485  1196 I sysui_multi_action: [757,316,758,4,759,1]
04-29 07:32:59.787   485  1196 W ActivityManager:   Force finishing activity com.android.camera2/com.android.camera.CameraActivity
04-29 07:32:59.787   485  1196 I am_destroy_activity: [0,17454414,10,com.android.camera2/com.android.camera.CameraActivity,finish-imm]
04-29 07:32:59.807   485  1196 I wm_task_removed: [10,removeAppToken: last token]
04-29 07:32:59.823   485  1196 I wm_task_removed: [10,removeTask]
04-29 07:32:59.825   485  1196 I wm_stack_removed: 1
04-29 07:32:59.827     0     0 E gk20a.0 : unrecognized ioctl cmd: 0x8008486d
04-29 07:32:59.829   485  1196 I am_uid_stopped: 10014
04-29 07:32:59.829   485  1196 I ActivityManager: Killing 2335:com.android.camera2/u0a14 (adj 900): crash
04-29 07:32:59.830   485  1196 I am_kill : [0,2335,com.android.camera2,900,crash]
04-29 07:32:59.832   485   544 W system_server: kill(-2335, 9) failed: No such process
04-29 07:32:59.834   485   543 W InputEventReceiver: Attempted to finish an input event but the input event receiver has already been disposed.
04-29 07:32:59.834   485   543 W ViewRootImpl[camera2]: Dropping event due to root view being removed: MotionEvent { action=ACTION_MOVE, actionButton=0, id[0]=0, x[0]=772.0, y[0]=662.66675, toolType[0]=TOOL_TYPE_FINGER, buttonState=0, metaState=0, flags=0x0, edgeFlags=0x0, pointerCount=1, historySize=0, eventTime=384832, downTime=384809, deviceId=2, source=0x1002 }
04-29 07:32:59.835   485   543 W InputEventReceiver: Attempted to finish an input event but the input event receiver has already been disposed.
04-29 07:32:59.858   268   268 D phs:ipc-loc: Socket 13: hangup from client "com.android.camera2"
04-29 07:32:59.870     0     0 I binder  : undelivered transaction 137803, process died.
04-29 07:32:59.871     0     0 I binder  : 276:1387 transaction failed 29189, size 60-0
04-29 07:32:59.873   485   572 W ActivityManager: setHasOverlayUi called on unknown pid: 2335
04-29 07:32:59.876     0     0 I chatty  : uid=0(root) logd identical 1 line
04-29 07:32:59.876     0     0 I binder  : 276:1387 transaction failed 29189, size 60-0
04-29 07:32:59.877   485   544 W system_server: kill(-2335, 9) failed: No such process
04-29 07:32:59.877   485   544 I system_server: Successfully killed process cgroup uid 10014 pid 2335 in 44ms
04-29 07:32:59.879   265  1294 I Camera3-Device: disconnect: E
04-29 07:32:59.879   265  1294 V Camera3Wrapper: camera3_device_close
04-29 07:32:59.880   265  2407 D NvOsDebugPrintf: NvCamScaler_OutputThread-- (error 0x0)
04-29 07:32:59.880   265  2390 D CameraWrapper: NvCamScaler_OutputThread-- (error 0x0)
04-29 07:32:59.885     0     0 I         : ardbeg_imx179_power_off finished
04-29 07:32:59.890     0     0 I         : ardbeg_ad5823_power_off
04-29 07:32:59.926   265  1294 D         : ~NvCameraTNR: ++
04-29 07:32:59.926   265  1294 D         : Release: ++
04-29 07:32:59.931   265  1294 D         : Release: --
04-29 07:32:59.932   265  1294 D         : ~NvCameraTNR: --
04-29 07:32:59.932   265  1294 I Camera3-Device: disconnect: X
04-29 07:32:59.932   265  1294 I Camera3-Device: disconnect: E
04-29 07:32:59.933   265  1294 I CameraService: disconnect: Disconnected client for camera 0 for PID 2335
04-29 07:32:59.933   265  1294 I Camera2ClientBase: Closed Camera 0. Client was: com.android.camera2 (PID 2335, UID 10014)
04-29 07:32:59.933   265  1294 E CameraService: binderDied: Java client's binder died, removing it from the list of active clients
04-29 07:32:59.933     0     0 I binder  : 265:1294 transaction failed 29189, size 100-0
04-29 07:33:00.000   485   598 W AppOps  : Finishing op nesting under-run: uid 1000 pkg android code 24 time=0 duration=0 nesting=0
04-29 07:33:06.734     0     0 D logd    : logdr: UID=0 GID=0 PID=2422 n tail=0 logMask=7f pid=0 start=0ns timeout=0ns
