--------- beginning of system
04-29 05:47:23.421 I/ActivityManager(  438): START u0 {flg=0x10000000 cmp=com.android.camera2/com.android.camera.CameraActivity} from uid 0
--------- beginning of events
04-29 05:47:23.436 I/am_new_intent(  438): [0,132005088,19,com.android.camera2/com.android.camera.CameraActivity,NULL,NULL,NULL,268435456]
04-29 05:47:23.445 I/wm_task_moved(  438): [19,1,2]
--------- beginning of main
04-29 05:47:11.988 I/chatty  (  438): uid=1000(system) Binder:438_4 expire 1 line
04-29 05:47:15.637 D/LightsService(  438): Excessive delay setting light
04-29 05:47:23.456 V/CAM_QuickActivity( 2779): START onNewIntent: Activity = com.android.camera.CameraActivity@b26863f
04-29 05:47:23.458 V/CAM_QuickActivity( 2779): Intent Action = null
04-29 05:47:23.480 V/CAM_QuickActivity( 2779): END onNewIntent: Activity = com.android.camera.CameraActivity@b26863f
04-29 05:47:23.495 I/am_set_resumed_activity(  438): [0,com.android.camera2/com.android.camera.CameraActivity,resumeTopActivityInnerLocked]
04-29 05:47:23.529 I/am_resume_activity(  438): [0,132005088,19,com.android.camera2/com.android.camera.CameraActivity]
04-29 05:47:23.584 V/CAM_QuickActivity( 2779): START onRestart: Activity = com.android.camera.CameraActivity@b26863f
04-29 05:47:23.588 V/CAM_QuickActivity( 2779): END onRestart: Activity = com.android.camera.CameraActivity@b26863f
04-29 05:47:23.608 I/am_pause_activity(  438): [0,132005088,com.android.camera2/com.android.camera.CameraActivity]
04-29 05:47:23.681 W/Looper  (  438): Dispatch took 143ms on android.ui, h=Handler (com.android.server.am.ActivityManagerService$UiHandler) {e3c7aeb} cb=null msg=30
04-29 05:47:23.689 V/CAM_QuickActivity( 2779): START onStart: Activity = com.android.camera.CameraActivity@b26863f
04-29 05:47:23.701 V/CAM_QuickActivity( 2779): END onStart: Activity = com.android.camera.CameraActivity@b26863f
04-29 05:47:23.706 V/CAM_QuickActivity( 2779): START onResume: Activity = com.android.camera.CameraActivity@b26863f
04-29 05:47:23.711 I/dvm_lock_sample(  438): [system_server,1,ActivityManager,34,VrController.java,168,boolean com.android.server.am.VrController.onVrModeChanged(com.android.server.am.ActivityRecord),ActivityManagerService.java,2519,void com.android.server.am.ActivityManagerService$2.handleMessage(android.os.Message),6]
04-29 05:47:23.713 V/CAM_QuickActivity( 2779): onResume(): isKeyguardLocked() = true
04-29 05:47:23.719 V/CAM_QuickActivity( 2779): onResume --> onResumeTasks()
04-29 05:47:23.766 V/CAM_Profiler( 2779): [  0.000ms][ui] GUARD: CameraActivity.resume - START
04-29 05:47:23.771 V/CAM_CameraActivity( 2779): Build info: lineage_mocha-eng 8.1.0 OPM7.181205.001 22fd066923 test-keys
04-29 05:47:23.935 D/CAM_Storage( 2779): External storage state=mounted
04-29 05:47:23.973 I/auditd  (  438): type=1400 audit(0.0:322): avc: denied { read } for comm="android.bg" name="nvmap" dev="debugfs" ino=4404 scontext=u:r:system_server:s0 tcontext=u:object_r:debugfs_nvmap:s0 tclass=dir permissive=1
04-29 05:47:23.973 I/android.bg(  438): type=1400 audit(0.0:322): avc: denied { read } for name="nvmap" dev="debugfs" ino=4404 scontext=u:r:system_server:s0 tcontext=u:object_r:debugfs_nvmap:s0 tclass=dir permissive=1
04-29 05:47:23.974 I/auditd  (  438): type=1400 audit(0.0:323): avc: denied { open } for comm="android.bg" path="/sys/kernel/debug/nvmap" dev="debugfs" ino=4404 scontext=u:r:system_server:s0 tcontext=u:object_r:debugfs_nvmap:s0 tclass=dir permissive=1
04-29 05:47:23.974 I/android.bg(  438): type=1400 audit(0.0:323): avc: denied { open } for path="/sys/kernel/debug/nvmap" dev="debugfs" ino=4404 scontext=u:r:system_server:s0 tcontext=u:object_r:debugfs_nvmap:s0 tclass=dir permissive=1
04-29 05:47:24.007 I/auditd  (  198): type=1400 audit(0.0:324): avc: denied { search } for comm="sensors@1.0-ser" name="tegra12-i2c.0" dev="sysfs" ino=323 scontext=u:r:hal_sensors_default:s0 tcontext=u:object_r:sysfs_nvi2c:s0 tclass=dir permissive=1
04-29 05:47:24.007 I/sensors@1.0-ser(  198): type=1400 audit(0.0:324): avc: denied { search } for name="tegra12-i2c.0" dev="sysfs" ino=323 scontext=u:r:hal_sensors_default:s0 tcontext=u:object_r:sysfs_nvi2c:s0 tclass=dir permissive=1
04-29 05:47:24.010 I/auditd  (  198): type=1400 audit(0.0:325): avc: denied { write } for comm="sensors@1.0-ser" name="enable" dev="sysfs" ino=12827 scontext=u:r:hal_sensors_default:s0 tcontext=u:object_r:sysfs_nvi2c:s0 tclass=file permissive=1
04-29 05:47:24.010 I/sensors@1.0-ser(  198): type=1400 audit(0.0:325): avc: denied { write } for name="enable" dev="sysfs" ino=12827 scontext=u:r:hal_sensors_default:s0 tcontext=u:object_r:sysfs_nvi2c:s0 tclass=file permissive=1
04-29 05:47:24.010 I/auditd  (  198): type=1400 audit(0.0:326): avc: denied { open } for comm="sensors@1.0-ser" path="/sys/devices/platform/tegra12-i2c.0/i2c-0/0-0008/lsm6db0_accel.0/iio:device2/buffer/enable" dev="sysfs" ino=12827 scontext=u:r:hal_sensors_default:s0 tcontext=u:object_r:sysfs_nvi2c:s0 tclass=file permissive=1
04-29 05:47:24.010 I/sensors@1.0-ser(  198): type=1400 audit(0.0:326): avc: denied { open } for path="/sys/devices/platform/tegra12-i2c.0/i2c-0/0-0008/lsm6db0_accel.0/iio:device2/buffer/enable" dev="sysfs" ino=12827 scontext=u:r:hal_sensors_default:s0 tcontext=u:object_r:sysfs_nvi2c:s0 tclass=file permissive=1
04-29 05:47:24.012 I/auditd  (  198): type=1400 audit(0.0:327): avc: denied { getattr } for comm="sensors@1.0-ser" path="/sys/devices/platform/tegra12-i2c.0/i2c-0/0-0008/lsm6db0_accel.0/iio:device2/buffer/enable" dev="sysfs" ino=12827 scontext=u:r:hal_sensors_default:s0 tcontext=u:object_r:sysfs_nvi2c:s0 tclass=file permissive=1
04-29 05:47:24.012 I/sensors@1.0-ser(  198): type=1400 audit(0.0:327): avc: denied { getattr } for path="/sys/devices/platform/tegra12-i2c.0/i2c-0/0-0008/lsm6db0_accel.0/iio:device2/buffer/enable" dev="sysfs" ino=12827 scontext=u:r:hal_sensors_default:s0 tcontext=u:object_r:sysfs_nvi2c:s0 tclass=file permissive=1
04-29 05:47:24.048 I/auditd  (  198): type=1400 audit(0.0:328): avc: denied { read } for comm="sensors@1.0-ser" name="enable" dev="sysfs" ino=12827 scontext=u:r:hal_sensors_default:s0 tcontext=u:object_r:sysfs_nvi2c:s0 tclass=file permissive=1
04-29 05:47:24.048 I/sensors@1.0-ser(  198): type=1400 audit(0.0:328): avc: denied { read } for name="enable" dev="sysfs" ino=12827 scontext=u:r:hal_sensors_default:s0 tcontext=u:object_r:sysfs_nvi2c:s0 tclass=file permissive=1
04-29 05:47:24.051 D/SensorHAL(  198): lsm6db0_accel: power-on.
04-29 05:47:24.067 V/CAM_Profiler( 2779): [  0.000ms][ui] GUARD: CaptureModule.resume - START
04-29 05:47:24.091 V/CAM_Profiler( 2779): [ 24.358ms][ui] GUARD: CaptureModule.resume - [ 0.972ms] getRemoteShutterListener.onModuleReady
04-29 05:47:24.115 W/ActivityManager(  438): Activity pause timeout for ActivityRecord{7de3ce0 u0 com.android.camera2/com.android.camera.CameraActivity t19}
04-29 05:47:24.183 V/NuMediaExtractor( 2779): setDataSource fd=56 (/system/priv-app/Camera2/Camera2.apk), offset=6873096, length=7617
04-29 05:47:24.235 I/am_stop_activity(  438): [0,132005088,com.android.camera2/com.android.camera.CameraActivity]
04-29 05:47:24.255 I/sysui_count(  438): [window_time_0,90]
04-29 05:47:24.258 I/sysui_multi_action(  438): [757,803,799,window_time_0,802,90]
04-29 05:47:24.287 I/sysui_multi_action(  438): [757,1144,758,9,806,com.android.camera2,871,com.android.camera.CameraActivity]
04-29 05:47:24.313 D/SensorHAL(  198): lsm6db0_magn: power-on.
04-29 05:47:24.328 V/NuMediaExtractor( 2779): track of type 'audio/vorbis' does not publish bitrate
04-29 05:47:24.352 I/CAM_Profiler( 2779): [275.199ms][ui] GUARD: CaptureModule.resume - [125.959ms] mHeadingSensor.activate()
04-29 05:47:24.359 I/CAM_Profiler( 2779): [275.199ms][ui] GUARD: CaptureModule.resume - STOP
04-29 05:47:24.373 I/CAM_Profiler( 2779): [607.487ms][ui] GUARD: CameraActivity.resume - [305.112ms] mCurrentModule.resume
04-29 05:47:24.419 V/CAM_Profiler( 2779): [652.152ms][ui] GUARD: CameraActivity.resume - [ 1.011ms] mPanoramaViewHelper.onResume()
04-29 05:47:24.425 V/CAM_LcyLocProvider( 2779): starting location updates
04-29 05:47:24.442 W/CAM_AndroidServices( 2779): Warning: providing system service location took 11ms
04-29 05:47:24.454 I/OMXMaster(  280): makeComponentInstance(OMX.google.vorbis.decoder) in android.hardwar process
04-29 05:47:24.503 D/CAM_LcyLocProvider( 2779): provider does not exist provider doesn't exist: network
04-29 05:47:24.530 D/CAM_LcyLocProvider( 2779): provider does not exist provider doesn't exist: gps
04-29 05:47:24.531 D/CAM_LcyLocProvider( 2779): startReceivingLocationUpdates
04-29 05:47:24.541 I/CAM_Profiler( 2779): [775.706ms][ui] GUARD: CameraActivity.resume - STOP
04-29 05:47:24.555 V/CAM_QuickActivity( 2779): END onResume: Activity = com.android.camera.CameraActivity@b26863f
04-29 05:47:24.558 I/am_on_resume_called( 2779): [0,com.android.camera.CameraActivity,RESUME_ACTIVITY]
04-29 05:47:24.628 I/Choreographer( 2779): Skipped 61 frames!  The application may be doing too much work on its main thread.
04-29 05:47:24.771 V/CAM_QuickActivity( 2779): START onPause: Activity = com.android.camera.CameraActivity@b26863f
04-29 05:47:24.776 V/CAM_QuickActivity( 2779): onPause --> onPauseTasks()
04-29 05:47:24.788 V/CAM_Profiler( 2779): [  0.000ms][ui] GUARD: CameraActivity.onPause - START
04-29 05:47:24.904 V/CAM_ActvCamDevTrckr( 2779): Returning previously active camera: null
04-29 05:47:24.909 E/CAM_CameraActivity( 2779): Retrieving Camera Setting Scope with -1
04-29 05:47:25.055 I/auditd  (  198): type=1400 audit(0.0:329): avc: denied { read } for comm="sensors@1.0-ser" name="devices" dev="sysfs" ino=3452 scontext=u:r:hal_sensors_default:s0 tcontext=u:object_r:sysfs:s0 tclass=dir permissive=1
04-29 05:47:25.055 I/sensors@1.0-ser(  198): type=1400 audit(0.0:329): avc: denied { read } for name="devices" dev="sysfs" ino=3452 scontext=u:r:hal_sensors_default:s0 tcontext=u:object_r:sysfs:s0 tclass=dir permissive=1
04-29 05:47:25.056 I/auditd  (  198): type=1400 audit(0.0:330): avc: denied { open } for comm="sensors@1.0-ser" path="/sys/bus/iio/devices" dev="sysfs" ino=3452 scontext=u:r:hal_sensors_default:s0 tcontext=u:object_r:sysfs:s0 tclass=dir permissive=1
04-29 05:47:25.056 I/sensors@1.0-ser(  198): type=1400 audit(0.0:330): avc: denied { open } for path="/sys/bus/iio/devices" dev="sysfs" ino=3452 scontext=u:r:hal_sensors_default:s0 tcontext=u:object_r:sysfs:s0 tclass=dir permissive=1
04-29 05:47:25.207 E/SensorHAL(  198): Failed to save calibration data.
04-29 05:47:25.248 D/SensorHAL(  198): lsm6db0_magn: power-off.
04-29 05:47:25.275 V/CAM_Profiler( 2779): [  0.000ms][ui] GUARD: CaptureModule.closeCamera() - START
04-29 05:47:25.283 V/CAM_Profiler( 2779): [ 12.458ms][ui] GUARD: CaptureModule.closeCamera() - [12.458ms] mCameraOpenCloseLock.acquire()
04-29 05:47:25.285 I/CAM_Profiler( 2779): [ 16.568ms][ui] GUARD: CaptureModule.closeCamera() - STOP
04-29 05:47:25.363 I/am_pss  (  438): [2779,10014,com.android.camera2,14193664,11317248,6144]
04-29 05:47:25.411 E/SensorHAL(  198): Failed to save calibration data.
04-29 05:47:25.420 D/SensorHAL(  198): lsm6db0_accel: power-off.
04-29 05:47:25.433 V/CAM_LcyLocProvider( 2779): stopping location updates
04-29 05:47:25.450 D/CAM_LcyLocProvider( 2779): stopReceivingLocationUpdates
04-29 05:47:25.464 V/CAM_CameraActivity( 2779): onPause closing camera
04-29 05:47:25.465 V/CAM_CameraController( 2779): Closing camera
04-29 05:47:25.477 W/CAM2PORT_AndCamAgntImp( 2779): Releasing camera without any camera opened.
04-29 05:47:25.485 I/CAM_Profiler( 2779): [698.612ms][ui] GUARD: CameraActivity.onPause - STOP
04-29 05:47:25.487 V/CAM_QuickActivity( 2779): END onPause: Activity = com.android.camera.CameraActivity@b26863f
04-29 05:47:25.489 I/am_on_paused_called( 2779): [0,com.android.camera.CameraActivity,handlePauseActivity]
04-29 05:47:25.497 I/am_failed_to_pause(  438): [0,132005088,com.android.camera2/com.android.camera.CameraActivity,(none)]
04-29 05:47:25.508 V/CAM_CameraActivity( 2779): ignoring storage callback after activity pause
04-29 05:47:25.524 V/CAM_FocusController( 2779): configurePreviewDimensions(RectF(NaN, NaN, NaN, NaN))
04-29 05:47:25.550 V/CAM_QuickActivity( 2779): START onStop: Activity = com.android.camera.CameraActivity@b26863f
04-29 05:47:25.552 D/CAM_LcyLocProvider( 2779): disconnect
04-29 05:47:25.554 V/CAM_QuickActivity( 2779): END onStop: Activity = com.android.camera.CameraActivity@b26863f
04-29 05:47:25.555 I/am_on_stop_called( 2779): [0,com.android.camera.CameraActivity,handleStopActivity]
04-29 05:47:25.574 I/Choreographer( 2779): Skipped 44 frames!  The application may be doing too much work on its main thread.
04-29 05:47:25.799 I/am_pss  (  438): [1570,10008,android.process.media,8578048,6037504,61440]
--------- beginning of kernel
04-29 05:47:36.184 D/logd    (    0): logdr: UID=0 GID=0 PID=2842 n tail=0 logMask=7f pid=0 start=0ns timeout=0ns
