--------- beginning of system
04-29 06:58:40.275   479  1288 I ActivityManager: Force stopping net.sourceforge.opencamera appid=10070 user=0: from pid 3407
--------- beginning of events
04-29 06:58:40.275   479  1288 I am_uid_stopped: 10070
04-29 06:58:40.275   479  1288 I ActivityManager: Killing 3301:net.sourceforge.opencamera/u0a70 (adj 0): stop net.sourceforge.opencamera
04-29 06:58:40.275   479  1288 I am_kill : [0,3301,net.sourceforge.opencamera,0,stop net.sourceforge.opencamera]
04-29 06:58:40.276   479  1288 W ActivityManager: Force removing ActivityRecord{438bbf6 u0 net.sourceforge.opencamera/.MainActivity t16}: app died, no saved state
04-29 06:58:40.276   479  1288 I am_finish_activity: [0,70826998,16,net.sourceforge.opencamera/.MainActivity,proc died without state saved]
--------- beginning of main
04-29 06:58:40.276   479   521 W system_server: kill(-3301, 9) failed: No such process
04-29 06:58:40.282   479  1288 I WindowManager: Failed to capture screenshot of Token{bb12bf7 ActivityRecord{438bbf6 u0 net.sourceforge.opencamera/.MainActivity t16 f}} appWin=Window{8fc40fb u0 net.sourceforge.opencamera/net.sourceforge.opencamera.MainActivity} drawState=4
04-29 06:58:40.285   479  1288 I wm_task_removed: [16,removeAppToken: last token]
04-29 06:58:40.286   479  1288 I wm_task_removed: [16,removeTask]
04-29 06:58:40.288   479  1288 I am_set_resumed_activity: [0,com.android.packageinstaller/.InstallStaging,resumeTopActivityInnerLocked]
04-29 06:58:40.290   479  1288 I am_resume_activity: [0,112945511,15,com.android.packageinstaller/.InstallStaging]
04-29 06:58:40.299   479   519 I sysui_count: [window_time_0,5]
04-29 06:58:40.300   479   519 I sysui_multi_action: [757,803,799,window_time_0,802,5]
04-29 06:58:40.301   479   479 I notification_cancel_all: [1000,479,net.sourceforge.opencamera,0,0,0,5,NULL]
04-29 06:58:40.303  1242  1242 E PhoneInterfaceManager: [PhoneIntfMgr] getCarrierPackageNamesForIntent: No UICC
04-29 06:58:40.303  1242  1242 D CarrierSvcBindHelper: No carrier app for: 0
04-29 06:58:40.311   479  1282 I am_finish_activity: [0,112945511,15,com.android.packageinstaller/.InstallStaging,app-request]
04-29 06:58:40.312   479  1282 I am_pause_activity: [0,112945511,com.android.packageinstaller/.InstallStaging]
04-29 06:58:40.313   479   519 I sysui_count: [window_time_0,0]
04-29 06:58:40.313   479   519 I sysui_multi_action: [757,803,799,window_time_0,802,0]
04-29 06:58:40.316   479   494 I am_set_resumed_activity: [0,com.android.documentsui/.files.FilesActivity,resumeTopActivityInnerLocked]
04-29 06:58:40.317   479   494 I am_resume_activity: [0,258826994,15,com.android.documentsui/.files.FilesActivity]
04-29 06:58:40.319   479   519 I sysui_count: [window_time_0,0]
04-29 06:58:40.319   479   519 I sysui_multi_action: [757,803,799,window_time_0,802,0]
--------- beginning of kernel
04-29 06:58:40.320     0     0 I binder  : undelivered transaction 175502, process died.
04-29 06:58:40.320     0     0 I binder  : undelivered transaction 175481, process died.
04-29 06:58:40.320     0     0 I binder  : 278:331 transaction failed 29189, size 60-0
04-29 06:58:40.320   479   521 W system_server: kill(-3301, 9) failed: No such process
04-29 06:58:40.320   479   549 W ActivityManager: setHasOverlayUi called on unknown pid: 3301
04-29 06:58:40.336   270   270 D phs:ipc-loc: Socket 16: hangup from client "net.sourceforge.opencamera"
04-29 06:58:40.337  3199  3214 D ProvidersAccess: Matched roots: [Root{authority=null, rootId=null, title=Recent, isUsb=false, isSd=false, isMtp=false} @ content:/root/null, Root{authority=com.android.providers.downloads.documents, rootId=downloads, title=Downloads, isUsb=false, isSd=false, isMtp=false} @ content://com.android.providers.downloads.documents/root/downloads, Root{authority=com.android.providers.media.documents, rootId=images_root, title=Images, isUsb=false, isSd=false, isMtp=false} @ content://com.android.providers.media.documents/root/images_root, Root{authority=com.android.providers.media.documents, rootId=videos_root, title=Videos, isUsb=false, isSd=false, isMtp=false} @ content://com.android.providers.media.documents/root/videos_root, Root{authority=com.android.providers.media.documents, rootId=audio_root, title=Audio, isUsb=false, isSd=false, isMtp=false} @ content://com.android.providers.media.documents/root/audio_root, Root{authority=com.android.externalstorage.documents, rootId=home, title=Documents, isUsb=false, isSd=false, isMtp=false} @ content://com.android.externalstorage.documents/root/home]
04-29 06:58:40.338  3199  3199 I am_on_resume_called: [0,com.android.documentsui.files.FilesActivity,RESUME_ACTIVITY]
04-29 06:58:40.342  3199  3256 D ProvidersAccess: Matched roots: [Root{authority=null, rootId=null, title=Recent, isUsb=false, isSd=false, isMtp=false} @ content:/root/null, Root{authority=com.android.providers.downloads.documents, rootId=downloads, title=Downloads, isUsb=false, isSd=false, isMtp=false} @ content://com.android.providers.downloads.documents/root/downloads, Root{authority=com.android.providers.media.documents, rootId=images_root, title=Images, isUsb=false, isSd=false, isMtp=false} @ content://com.android.providers.media.documents/root/images_root, Root{authority=com.android.providers.media.documents, rootId=videos_root, title=Videos, isUsb=false, isSd=false, isMtp=false} @ content://com.android.providers.media.documents/root/videos_root, Root{authority=com.android.providers.media.documents, rootId=audio_root, title=Audio, isUsb=false, isSd=false, isMtp=false} @ content://com.android.providers.media.documents/root/audio_root, Root{authority=com.android.externalstorage.documents, rootId=home, title=Documents, isUsb=false, isSd=false, isMtp=false} @ content://com.android.externalstorage.documents/root/home]
04-29 06:58:40.366   479   521 W system_server: kill(-3301, 9) failed: No such process
04-29 06:58:40.366   479   521 I system_server: Successfully killed process cgroup uid 10070 pid 3301 in 90ms
04-29 06:58:40.383   479  1209 I ActivityManager: Force stopping net.sourceforge.opencamera appid=10070 user=0: from pid 3411
04-29 06:58:40.388   479   479 I notification_cancel_all: [1000,479,net.sourceforge.opencamera,0,0,0,5,NULL]
04-29 06:58:40.389  1242  1242 E PhoneInterfaceManager: [PhoneIntfMgr] getCarrierPackageNamesForIntent: No UICC
04-29 06:58:40.389  1242  1242 D CarrierSvcBindHelper: No carrier app for: 0
04-29 06:58:40.390     0     0 I binder  : 1170:1170 transaction failed 29189, size 88-0
04-29 06:58:40.409  3199  3199 I auditd  : type=1400 audit(0.0:292): avc: denied { read write } for comm="RenderThread" name="tegra-throughput" dev="tmpfs" ino=6423 scontext=u:r:platform_app:s0:c512,c768 tcontext=u:object_r:video_device:s0 tclass=chr_file permissive=1
04-29 06:58:40.409  3199  3199 I RenderThread: type=1400 audit(0.0:292): avc: denied { read write } for name="tegra-throughput" dev="tmpfs" ino=6423 scontext=u:r:platform_app:s0:c512,c768 tcontext=u:object_r:video_device:s0 tclass=chr_file permissive=1
04-29 06:58:40.409  3199  3199 I auditd  : type=1400 audit(0.0:293): avc: denied { open } for comm="RenderThread" path="/dev/tegra-throughput" dev="tmpfs" ino=6423 scontext=u:r:platform_app:s0:c512,c768 tcontext=u:object_r:video_device:s0 tclass=chr_file permissive=1
04-29 06:58:40.409  3199  3199 I RenderThread: type=1400 audit(0.0:293): avc: denied { open } for path="/dev/tegra-throughput" dev="tmpfs" ino=6423 scontext=u:r:platform_app:s0:c512,c768 tcontext=u:object_r:video_device:s0 tclass=chr_file permissive=1
04-29 06:58:40.409  3199  3199 I auditd  : type=1400 audit(0.0:294): avc: denied { ioctl } for comm="RenderThread" path="/dev/tegra-throughput" dev="tmpfs" ino=6423 ioctlcmd=6701 scontext=u:r:platform_app:s0:c512,c768 tcontext=u:object_r:video_device:s0 tclass=chr_file permissive=1
04-29 06:58:40.409  3199  3199 I RenderThread: type=1400 audit(0.0:294): avc: denied { ioctl } for path="/dev/tegra-throughput" dev="tmpfs" ino=6423 ioctlcmd=6701 scontext=u:r:platform_app:s0:c512,c768 tcontext=u:object_r:video_device:s0 tclass=chr_file permissive=1
04-29 06:58:40.638   479  1209 I ActivityManager: START u0 {flg=0x10000000 cmp=net.sourceforge.opencamera/.MainActivity} from uid 0
04-29 06:58:40.640   479  1209 I wm_task_created: [17,1]
04-29 06:58:40.640   479  1209 I wm_task_moved: [17,1,1]
04-29 06:58:40.641   479  1209 I wm_task_moved: [17,1,1]
04-29 06:58:40.643   479  1209 I am_create_task: [0,17]
04-29 06:58:40.643   479  1209 I am_create_activity: [0,216234713,17,net.sourceforge.opencamera/.MainActivity,NULL,NULL,NULL,268435456]
04-29 06:58:40.644   479  1209 I wm_task_moved: [17,1,1]
04-29 06:58:40.654   479  1209 I am_pause_activity: [0,258826994,com.android.documentsui/.files.FilesActivity]
04-29 06:58:40.659  3199  3199 I am_on_paused_called: [0,com.android.documentsui.files.FilesActivity,handlePauseActivity]
04-29 06:58:40.669   479  1282 I am_uid_running: 10070
04-29 06:58:40.707   479  1282 I am_proc_start: [0,3413,10070,net.sourceforge.opencamera,activity,net.sourceforge.opencamera/.MainActivity]
04-29 06:58:40.707   479  1282 I ActivityManager: Start proc 3413:net.sourceforge.opencamera/u0a70 for activity net.sourceforge.opencamera/.MainActivity
04-29 06:58:40.762   479  1207 I am_proc_bound: [0,3413,net.sourceforge.opencamera]
04-29 06:58:40.783   479  1207 I am_uid_active: 10070
04-29 06:58:40.783   479  1207 I am_restart_activity: [0,216234713,17,net.sourceforge.opencamera/.MainActivity]
04-29 06:58:40.785   479  1207 I am_set_resumed_activity: [0,net.sourceforge.opencamera/.MainActivity,minimalResumeActivityLocked]
04-29 06:58:40.871  3413  3428 D vndksupport: Loading /system/lib/egl/libEGL_tegra.so from current namespace instead of sphal namespace.
04-29 06:58:40.875  3413  3428 D libEGL  : loaded /system/lib/egl/libEGL_tegra.so
04-29 06:58:40.876  3413  3428 I         : Attempting to load EGL implementation libEGL_tegra_impl
04-29 06:58:40.892  3413  3428 I         : Loaded EGL implementation libEGL_tegra_impl
04-29 06:58:40.893  3413  3428 D vndksupport: Loading /system/lib/egl/libGLESv1_CM_tegra.so from current namespace instead of sphal namespace.
04-29 06:58:40.895  3413  3428 D libEGL  : loaded /system/lib/egl/libGLESv1_CM_tegra.so
04-29 06:58:40.900  3413  3413 D AppCompatDelegate: Checking for metadata for AppLocalesMetadataHolderService : Service not found
04-29 06:58:40.921  3413  3428 D vndksupport: Loading /system/lib/egl/libGLESv2_tegra.so from current namespace instead of sphal namespace.
04-29 06:58:40.922  3413  3428 D libEGL  : loaded /system/lib/egl/libGLESv2_tegra.so
04-29 06:58:40.954  3413  3413 I auditd  : type=1400 audit(0.0:295): avc: denied { read } for comm=45474C20496E6974 name="ptimer_scale_factor" dev="sysfs" ino=6957 scontext=u:r:untrusted_app:s0:c512,c768 tcontext=u:object_r:sysfs:s0 tclass=file permissive=1
04-29 06:58:40.954  3413  3413 I net.sourceforge.opencamera: type=1400 audit(0.0:295): avc: denied { read } for comm=45474C20496E6974 name="ptimer_scale_factor" dev="sysfs" ino=6957 scontext=u:r:untrusted_app:s0:c512,c768 tcontext=u:object_r:sysfs:s0 tclass=file permissive=1
04-29 06:58:40.954  3413  3413 I auditd  : type=1400 audit(0.0:296): avc: denied { open } for comm=45474C20496E6974 path="/sys/devices/platform/host1x/gk20a.0/ptimer_scale_factor" dev="sysfs" ino=6957 scontext=u:r:untrusted_app:s0:c512,c768 tcontext=u:object_r:sysfs:s0 tclass=file permissive=1
04-29 06:58:40.954  3413  3413 I net.sourceforge.opencamera: type=1400 audit(0.0:296): avc: denied { open } for comm=45474C20496E6974 path="/sys/devices/platform/host1x/gk20a.0/ptimer_scale_factor" dev="sysfs" ino=6957 scontext=u:r:untrusted_app:s0:c512,c768 tcontext=u:object_r:sysfs:s0 tclass=file permissive=1
04-29 06:58:40.955  3413  3413 I auditd  : type=1400 audit(0.0:297): avc: denied { getattr } for comm=45474C20496E6974 path="/sys/devices/platform/host1x/gk20a.0/ptimer_scale_factor" dev="sysfs" ino=6957 scontext=u:r:untrusted_app:s0:c512,c768 tcontext=u:object_r:sysfs:s0 tclass=file permissive=1
04-29 06:58:40.955  3413  3413 I net.sourceforge.opencamera: type=1400 audit(0.0:297): avc: denied { getattr } for comm=45474C20496E6974 path="/sys/devices/platform/host1x/gk20a.0/ptimer_scale_factor" dev="sysfs" ino=6957 scontext=u:r:untrusted_app:s0:c512,c768 tcontext=u:object_r:sysfs:s0 tclass=file permissive=1
04-29 06:58:40.958     0     0 E gk20a.0 : unrecognized ioctl cmd: 0x8008486d
04-29 06:58:41.105  3413  3413 I CameraManagerGlobal: Connecting to camera service
04-29 06:58:41.185  3413  3440 V NuMediaExtractor: setDataSource fd=41 (/data/app/net.sourceforge.opencamera-JVPGM4MzHos99lA1qDyZAg==/base.apk), offset=3115312, length=4535
04-29 06:58:41.190  3413  3440 V NuMediaExtractor: track of type 'audio/vorbis' does not publish bitrate
04-29 06:58:41.195   283  1380 I OMXMaster: makeComponentInstance(OMX.google.vorbis.decoder) in android.hardwar process
04-29 06:58:41.199  3413  3413 I am_on_resume_called: [0,net.sourceforge.opencamera.MainActivity,LAUNCH_ACTIVITY]
04-29 06:58:41.208  3413  3445 D OpenGLRenderer: HWUI GL Pipeline
04-29 06:58:41.217   479  1291 E WindowManager: App trying to use insecure INPUT_FEATURE_NO_INPUT_CHANNEL flag. Ignoring
04-29 06:58:41.251  3413  3440 V NuMediaExtractor: setDataSource fd=42 (/data/app/net.sourceforge.opencamera-JVPGM4MzHos99lA1qDyZAg==/base.apk), offset=2655184, length=4597
04-29 06:58:41.272     0     0 E gk20a.0 : unrecognized ioctl cmd: 0x8008486d
04-29 06:58:41.277  3413  3440 V NuMediaExtractor: track of type 'audio/vorbis' does not publish bitrate
04-29 06:58:41.282   283  1380 I OMXMaster: makeComponentInstance(OMX.google.vorbis.decoder) in android.hardwar process
04-29 06:58:41.285  3413  3438 I TextToSpeech: Sucessfully bound to com.svox.pico
04-29 06:58:41.289  3413  3445 D vndksupport: Loading /vendor/lib/hw/gralloc.tegra.so from current namespace instead of sphal namespace.
04-29 06:58:41.301  3413  3445 I net.sourceforge.opencamera: android::hardware::configstore::V1_0::ISurfaceFlingerConfigs::hasWideColorDisplay retrieved: 0
04-29 06:58:41.301  3413  3445 I OpenGLRenderer: Initialized EGL, version 1.4
04-29 06:58:41.301  3413  3445 D OpenGLRenderer: Swap behavior 2
04-29 06:58:41.310   589   589 I CameraService: CameraService::connect call (PID -1 "net.sourceforge.opencamera", camera ID 0) for HAL version default and Camera API version 1
04-29 06:58:41.312   589   589 D NuPlayerDriver: NuPlayerDriver(0xb32a7690) created, clientPid(3413)
04-29 06:58:41.323   589  3451 D NuPlayerDriver: notifyListener_l(0xb32a7690), (1, 0, 0, -1), loop setting(0, 0)
04-29 06:58:41.324   589   589 D NuPlayerDriver: NuPlayerDriver(0xb32a7e70) created, clientPid(3413)
04-29 06:58:41.330   589  3453 D NuPlayerDriver: notifyListener_l(0xb32a7e70), (1, 0, 0, -1), loop setting(0, 0)
04-29 06:58:41.330   589   589 D NuPlayerDriver: NuPlayerDriver(0xb32a8ab0) created, clientPid(3413)
04-29 06:58:41.340   589  3455 D NuPlayerDriver: notifyListener_l(0xb32a8ab0), (1, 0, 0, -1), loop setting(0, 0)
04-29 06:58:41.340   589   589 I Camera2ClientBase: Camera 0: Opened. Client: net.sourceforge.opencamera (PID 3413, UID 10070)
04-29 06:58:41.341     0     0 I binder  : 589:589 transaction failed 29189, size 100-0
04-29 06:58:41.342   589   589 V CameraWrapper: check_vendor_module
04-29 06:58:41.342   589   589 V Camera3Wrapper: camera3_device_open
04-29 06:58:41.342   589   589 V Camera3Wrapper: check_vendor_module
04-29 06:58:41.342   589   589 D         : NvCameraTNR: ++
04-29 06:58:41.344   589   589 D         : NvCameraTNR: --
04-29 06:58:41.364  3413  3418 I zygote  : Compiler allocated 4MB to compile void net.sourceforge.opencamera.ui.MainUI.layoutUI(boolean)
04-29 06:58:41.376  3413  3445 I         : Loading GLESv2 implementation libGLESv2_tegra_impl
04-29 06:58:41.380   589   589 D NvOsDebugPrintf: NvOdmImagerGetLayout: PCL layout not detected - 2
04-29 06:58:41.380   589  3458 D CameraWrapper: NvOdmImagerGetLayout: PCL layout not detected - 2
04-29 06:58:41.381   589   589 D NvOsDebugPrintf: NvOdmImagerGetLayout: PCL layout not detected - 2
04-29 06:58:41.381   589   589 D NvOsDebugPrintf: NvPclStateControllerOpen: device detection on this platform is not supported
04-29 06:58:41.381   589  3458 D CameraWrapper: NvOdmImagerGetLayout: PCL layout not detected - 2
04-29 06:58:41.381   589  3458 D CameraWrapper: NvPclStateControllerOpen: device detection on this platform is not supported
04-29 06:58:41.381   589   589 D NvOsDebugPrintf: NvOdmImagerGetLayout: PCL layout not detected - 2
04-29 06:58:41.381   589   589 D NvOsDebugPrintf: NvPclStateControllerOpen: attempting to use backup default module list
04-29 06:58:41.381   589  3458 D CameraWrapper: NvOdmImagerGetLayout: PCL layout not detected - 2
04-29 06:58:41.381   589  3458 D CameraWrapper: NvPclStateControllerOpen: attempting to use backup default module list
04-29 06:58:41.381     0     0 I         : ardbeg_ad5823_power_on
04-29 06:58:41.381     0     0 I         : ardbeg_imx179_power_on
04-29 06:58:41.384     0     0 I         : ardbeg_imx179_power_on finished
04-29 06:58:41.384     0     0 I         : imx179_get_sensor_id
04-29 06:58:41.384  3413  3445 D vndksupport: Loading /vendor/lib/hw/android.hardware.graphics.mapper@2.0-impl.so from current namespace instead of sphal namespace.
04-29 06:58:41.386  3413  3445 D vndksupport: Loading /vendor/lib/hw/gralloc.tegra.so from current namespace instead of sphal namespace.
04-29 06:58:41.387  3413  3445 D vndksupport: Loading /vendor/lib/hw/gralloc.tegra.so from current namespace instead of sphal namespace.
04-29 06:58:41.406  3413  3413 I auditd  : type=1400 audit(0.0:298): avc: denied { read write } for comm="RenderThread" name="tegra-throughput" dev="tmpfs" ino=6423 scontext=u:r:untrusted_app:s0:c512,c768 tcontext=u:object_r:video_device:s0 tclass=chr_file permissive=1
04-29 06:58:41.406  3413  3413 I RenderThread: type=1400 audit(0.0:298): avc: denied { read write } for name="tegra-throughput" dev="tmpfs" ino=6423 scontext=u:r:untrusted_app:s0:c512,c768 tcontext=u:object_r:video_device:s0 tclass=chr_file permissive=1
04-29 06:58:41.406  3413  3413 I auditd  : type=1400 audit(0.0:299): avc: denied { open } for comm="RenderThread" path="/dev/tegra-throughput" dev="tmpfs" ino=6423 scontext=u:r:untrusted_app:s0:c512,c768 tcontext=u:object_r:video_device:s0 tclass=chr_file permissive=1
04-29 06:58:41.406  3413  3413 I RenderThread: type=1400 audit(0.0:299): avc: denied { open } for path="/dev/tegra-throughput" dev="tmpfs" ino=6423 scontext=u:r:untrusted_app:s0:c512,c768 tcontext=u:object_r:video_device:s0 tclass=chr_file permissive=1
04-29 06:58:41.406  3413  3413 I auditd  : type=1400 audit(0.0:300): avc: denied { ioctl } for comm="RenderThread" path="/dev/tegra-throughput" dev="tmpfs" ino=6423 ioctlcmd=6701 scontext=u:r:untrusted_app:s0:c512,c768 tcontext=u:object_r:video_device:s0 tclass=chr_file permissive=1
04-29 06:58:41.406  3413  3413 I RenderThread: type=1400 audit(0.0:300): avc: denied { ioctl } for path="/dev/tegra-throughput" dev="tmpfs" ino=6423 ioctlcmd=6701 scontext=u:r:untrusted_app:s0:c512,c768 tcontext=u:object_r:video_device:s0 tclass=chr_file permissive=1
04-29 06:58:41.442  3413  3413 I TextToSpeech: Connected to ComponentInfo{com.svox.pico/com.svox.pico.PicoService}
04-29 06:58:41.444   479   549 I am_activity_launch_time: [0,216234713,net.sourceforge.opencamera/.MainActivity,770,770]
04-29 06:58:41.444   479   549 I ActivityManager: Displayed net.sourceforge.opencamera/.MainActivity: +770ms
04-29 06:58:41.486   589   589 D NvOsDebugPrintf: Get otp vendor 0x0, size: 1
04-29 06:58:41.487   589  3458 D CameraWrapper: Get otp vendor 0x0, size: 1
04-29 06:58:41.487     0     0 I         : imx179 module vendor ID: 0x08 06
04-29 06:58:41.490   589   589 D NvOsDebugPrintf: NvCameraIspInitialize: disable3A=0x0
04-29 06:58:41.490   589  3458 D CameraWrapper: NvCameraIspInitialize: disable3A=0x0
04-29 06:58:41.492   589   589 D NvOsDebugPrintf: LSC: LSC surface is not based on full res!
04-29 06:58:41.492   589  3458 D CameraWrapper: LSC: LSC surface is not based on full res!
04-29 06:58:41.496   589   589 D NvOsDebugPrintf: -- NvIspAFinit -- min 176, max 544
04-29 06:58:41.496   589  3458 D CameraWrapper: -- NvIspAFinit -- min 176, max 544
04-29 06:58:41.496   589   589 D NvOsDebugPrintf: NvIspSetStats: WARNING: FM can't be enabled because AP is not enabled!!
04-29 06:58:41.496   589  3458 D CameraWrapper: NvIspSetStats: WARNING: FM can't be enabled because AP is not enabled!!
04-29 06:58:41.501   589   589 V Camera3Wrapper: camera3_device_open: got vendor camera device 0xB32A61F0
04-29 06:58:41.502   589   589 V Camera3Wrapper: camera3_initialize->B32A61A0->B32A61F0
04-29 06:58:41.506   589   589 E Camera2-Parameters: buildFastInfo: Unknown override AE mode: 0
04-29 06:58:41.506   589   589 E Camera2-Parameters: buildFastInfo: Camera 0: Scene mode override lists asks for fixed focus on a device with focuser but not calibrated for infinity focus
04-29 06:58:41.506   589   589 E Camera2Client: initializeImpl: Camera 0: unable to build defaults: No such device (-19)
04-29 06:58:41.506   589   589 E CameraService: connectHelper: Could not initialize client from HAL.
04-29 06:58:41.506   589   589 I Camera2Client: Camera 0: Closed
04-29 06:58:41.506   589   589 I Camera3-Device: disconnect: E
04-29 06:58:41.506   589   589 V Camera3Wrapper: camera3_device_close
04-29 06:58:41.507   589  3479 D NvOsDebugPrintf: NvCamScaler_OutputThread-- (error 0x0)
04-29 06:58:41.507   589  3458 D CameraWrapper: NvCamScaler_OutputThread-- (error 0x0)
04-29 06:58:41.522     0     0 I         : ardbeg_imx179_power_off finished
04-29 06:58:41.525   479   519 I am_stop_activity: [0,258826994,com.android.documentsui/.files.FilesActivity]
04-29 06:58:41.526   479   519 I am_destroy_activity: [0,112945511,15,com.android.packageinstaller/.InstallStaging,finish-imm]
04-29 06:58:41.530     0     0 I         : ardbeg_ad5823_power_off
04-29 06:58:41.530  3199  3199 I am_on_stop_called: [0,com.android.documentsui.files.FilesActivity,handleStopActivity]
04-29 06:58:41.543  3413  3418 I zygote  : Do partial code cache collection, code=17KB, data=29KB
04-29 06:58:41.545  3413  3418 I zygote  : After code cache collection, code=17KB, data=29KB
04-29 06:58:41.545  3413  3418 I zygote  : Increasing code cache capacity to 128KB
04-29 06:58:41.568   589   589 D         : ~NvCameraTNR: ++
04-29 06:58:41.568   589   589 D         : Release: ++
04-29 06:58:41.576   589   589 D         : Release: --
04-29 06:58:41.577   589   589 D         : ~NvCameraTNR: --
04-29 06:58:41.577   589   589 I Camera3-Device: disconnect: X
04-29 06:58:41.577   589   589 I Camera3-Device: disconnect: E
04-29 06:58:41.579   589   589 I CameraService: disconnect: Disconnected client for camera 0 for PID 3413
04-29 06:58:41.579   589   589 I Camera2ClientBase: Closed Camera 0. Client was: net.sourceforge.opencamera (PID 3413, UID 10070)
04-29 06:58:41.579   589   589 D NuPlayerDriver: reset(0xb32a7690) at state 4
04-29 06:58:41.579   589   589 D NuPlayerDriver: updateMetrics(0xb32a7690) from reset at state 4
04-29 06:58:41.579   589   589 D NuPlayerDriver: notifyListener_l(0xb32a7690), (8, 0, 0, -1), loop setting(0, 0)
04-29 06:58:41.579   589  3451 D NuPlayerDriver: notifyResetComplete(0xb32a7690)
04-29 06:58:41.580   589   589 D NuPlayerDriver: updateMetrics(0xb32a7690) from destructor at state 0
04-29 06:58:41.580   589   589 D NuPlayerDriver: reset(0xb32a7e70) at state 4
04-29 06:58:41.580   589   589 D NuPlayerDriver: updateMetrics(0xb32a7e70) from reset at state 4
04-29 06:58:41.580   589   589 D NuPlayerDriver: notifyListener_l(0xb32a7e70), (8, 0, 0, -1), loop setting(0, 0)
04-29 06:58:41.580   589  3453 D NuPlayerDriver: notifyResetComplete(0xb32a7e70)
04-29 06:58:41.580   589   589 D NuPlayerDriver: updateMetrics(0xb32a7e70) from destructor at state 0
04-29 06:58:41.580   589   589 D NuPlayerDriver: reset(0xb32a8ab0) at state 4
04-29 06:58:41.580   589   589 D NuPlayerDriver: updateMetrics(0xb32a8ab0) from reset at state 4
04-29 06:58:41.580   589   589 D NuPlayerDriver: notifyListener_l(0xb32a8ab0), (8, 0, 0, -1), loop setting(0, 0)
04-29 06:58:41.581   589  3455 D NuPlayerDriver: notifyResetComplete(0xb32a8ab0)
04-29 06:58:41.581   589   589 D NuPlayerDriver: updateMetrics(0xb32a8ab0) from destructor at state 0
04-29 06:58:41.582  3413  3450 W CameraBase: An error occurred while connecting to camera 0: Status(-8): '10: connectHelper:1405: Failed to initialize camera "0": No such device (-19)'
04-29 06:58:41.588  3413  3491 I TextToSpeech: Set up connection to ComponentInfo{com.svox.pico/com.svox.pico.PicoService}
04-29 06:58:41.994  3413  3418 I zygote  : Do partial code cache collection, code=34KB, data=55KB
04-29 06:58:41.994  3413  3418 I zygote  : After code cache collection, code=34KB, data=55KB
04-29 06:58:41.994  3413  3418 I zygote  : Increasing code cache capacity to 256KB
04-29 06:58:42.858     0     0 I         : bq27x00 BMS soc 100 100 v 3963000 i 1106000 t 303 c 20 rm 4090 4450 fcc 4121 4475 flag 229
04-29 06:58:42.867     0     0 W healthd : battery l=100 v=3963 t=30.3 h=2 st=2 c=1106 fc=4475000 cc=20 chg=u
04-29 06:58:42.977   479  1288 D LightsService: Excessive delay setting light
04-29 06:58:43.257   479  1957 D WificondControl: Scan result ready event
04-29 06:58:43.285   479  1122 W WifiConfigManager: Looking up network with invalid networkId -1
04-29 06:58:46.600  3413  3494 D ProfileInstaller: Skipping profile installation for net.sourceforge.opencamera
04-29 06:58:46.930   479   547 D AutofillManagerService: Close system dialogs
04-29 06:58:46.932   479   718 I ActivityManager: START u0 {act=android.intent.action.MAIN cat=[android.intent.category.HOME] flg=0x10200000 cmp=org.lineageos.trebuchet/com.android.launcher3.searchlauncher.SearchLauncher (has extras)} from uid 1000
04-29 06:58:46.936   479   718 I am_new_intent: [0,70890450,8,org.lineageos.trebuchet/com.android.launcher3.searchlauncher.SearchLauncher,android.intent.action.MAIN,NULL,NULL,276824320]
04-29 06:58:46.936   479   718 I wm_task_moved: [8,1,0]
04-29 06:58:46.937   479   718 I am_focused_stack: [0,0,1,bringingFoundTaskToFront]
04-29 06:58:46.937   479   718 I wm_task_moved: [8,1,0]
04-29 06:58:46.938   479   718 I am_pause_activity: [0,216234713,net.sourceforge.opencamera/.MainActivity]
04-29 06:58:46.941   479   718 I am_set_resumed_activity: [0,org.lineageos.trebuchet/com.android.launcher3.searchlauncher.SearchLauncher,resumeTopActivityInnerLocked]
04-29 06:58:46.943  3413  3413 I am_on_paused_called: [0,net.sourceforge.opencamera.MainActivity,handlePauseActivity]
04-29 06:58:46.943   479   718 I ActivityManager: Killing 1818:com.android.exchange/u0a50 (adj 906): empty #17
04-29 06:58:46.943   479   718 I am_kill : [0,1818,com.android.exchange,906,empty #17]
04-29 06:58:46.944   479   521 W system_server: kill(-1818, 9) failed: No such process
04-29 06:58:46.947   479   718 I am_resume_activity: [0,70890450,8,org.lineageos.trebuchet/com.android.launcher3.searchlauncher.SearchLauncher]
04-29 06:58:46.949   479   718 I am_task_to_front: [0,8]
04-29 06:58:46.959   479   519 I sysui_multi_action: [757,1144,758,8,806,net.sourceforge.opencamera,871,net.sourceforge.opencamera.MainActivity]
04-29 06:58:46.959   479   519 I am_stop_activity: [0,216234713,net.sourceforge.opencamera/.MainActivity]
04-29 06:58:46.963   479  2878 W ActivityManager: Unable to start service Intent { act=com.android.launcher3.WINDOW_OVERLAY dat=app://org.lineageos.trebuchet:10008?v=7&cv=9 pkg=com.google.android.googlequicksearchbox } U=0: not found
04-29 06:58:46.965   479   519 I sysui_count: [window_time_0,6]
04-29 06:58:46.965   479   519 I sysui_multi_action: [757,803,799,window_time_0,802,6]
04-29 06:58:46.970   479   495 I am_proc_died: [0,1818,com.android.exchange,906,17]
04-29 06:58:46.970   479   495 I am_uid_stopped: 10050
04-29 06:58:46.982  3413  3413 I am_on_stop_called: [0,net.sourceforge.opencamera.MainActivity,handleStopActivity]
04-29 06:58:46.987  1622  1622 I am_on_resume_called: [0,com.android.launcher3.searchlauncher.SearchLauncher,RESUME_ACTIVITY]
04-29 06:58:46.989   479   521 W system_server: kill(-1818, 9) failed: No such process
04-29 06:58:46.989   479   521 I system_server: Successfully killed process cgroup uid 10050 pid 1818 in 45ms
04-29 06:58:47.018  1622  1622 I auditd  : type=1400 audit(0.0:301): avc: denied { read write } for comm="RenderThread" name="tegra-throughput" dev="tmpfs" ino=6423 scontext=u:r:priv_app:s0:c512,c768 tcontext=u:object_r:video_device:s0 tclass=chr_file permissive=1
04-29 06:58:47.018  1622  1622 I RenderThread: type=1400 audit(0.0:301): avc: denied { read write } for name="tegra-throughput" dev="tmpfs" ino=6423 scontext=u:r:priv_app:s0:c512,c768 tcontext=u:object_r:video_device:s0 tclass=chr_file permissive=1
04-29 06:58:47.018  1622  1622 I auditd  : type=1400 audit(0.0:302): avc: denied { open } for comm="RenderThread" path="/dev/tegra-throughput" dev="tmpfs" ino=6423 scontext=u:r:priv_app:s0:c512,c768 tcontext=u:object_r:video_device:s0 tclass=chr_file permissive=1
04-29 06:58:47.018  1622  1622 I RenderThread: type=1400 audit(0.0:302): avc: denied { open } for path="/dev/tegra-throughput" dev="tmpfs" ino=6423 scontext=u:r:priv_app:s0:c512,c768 tcontext=u:object_r:video_device:s0 tclass=chr_file permissive=1
04-29 06:58:47.018  1622  1622 I auditd  : type=1400 audit(0.0:303): avc: denied { ioctl } for comm="RenderThread" path="/dev/tegra-throughput" dev="tmpfs" ino=6423 ioctlcmd=6701 scontext=u:r:priv_app:s0:c512,c768 tcontext=u:object_r:video_device:s0 tclass=chr_file permissive=1
04-29 06:58:47.018  1622  1622 I RenderThread: type=1400 audit(0.0:303): avc: denied { ioctl } for path="/dev/tegra-throughput" dev="tmpfs" ino=6423 ioctlcmd=6701 scontext=u:r:priv_app:s0:c512,c768 tcontext=u:object_r:video_device:s0 tclass=chr_file permissive=1
04-29 06:58:47.113   479  2100 I OpenGLRenderer: Initialized EGL, version 1.4
04-29 06:58:47.113   479  2100 D OpenGLRenderer: Swap behavior 2
04-29 06:58:47.528  1622  2172 W OpenGLRenderer: Incorrectly called buildLayer on View: ShortcutAndWidgetContainer, destroying layer...
04-29 06:58:47.528  1622  2172 W OpenGLRenderer: Incorrectly called buildLayer on View: ShortcutAndWidgetContainer, destroying layer...
04-29 06:58:50.052  1622  1622 D InputEventConsistencyVerifier: TouchEvent: ACTION_DOWN but pointers are already down.  Probably missing ACTION_UP from previous gesture.
04-29 06:58:50.052  1622  1622 D InputEventConsistencyVerifier:   in android.view.ScaleGestureDetector@3e93c6f
04-29 06:58:50.052  1622  1622 D InputEventConsistencyVerifier:   0: sent at 377064226000, MotionEvent { action=ACTION_DOWN, actionButton=0, id[0]=0, x[0]=1144.5, y[0]=1602.6667, toolType[0]=TOOL_TYPE_FINGER, buttonState=0, metaState=0, flags=0x0, edgeFlags=0x0, pointerCount=1, historySize=0, eventTime=377064, downTime=377064, deviceId=2, source=0x1002 }
04-29 06:58:50.052  1622  1622 D InputEventConsistencyVerifier:   -- recent events --
04-29 06:58:50.052  1622  1622 D InputEventConsistencyVerifier:   1: sent at 376613243000, MotionEvent { action=ACTION_MOVE, actionButton=0, id[0]=0, x[0]=932.25, y[0]=1542.6667, toolType[0]=TOOL_TYPE_FINGER, buttonState=0, metaState=0, flags=0x0, edgeFlags=0x0, pointerCount=1, historySize=1, eventTime=376613, downTime=376551, deviceId=2, source=0x1002 }
04-29 06:58:50.052  1622  1622 D InputEventConsistencyVerifier:   2: sent at 376595516000, MotionEvent { action=ACTION_MOVE, actionButton=0, id[0]=0, x[0]=858.0, y[0]=1585.3334, toolType[0]=TOOL_TYPE_FINGER, buttonState=0, metaState=0, flags=0x0, edgeFlags=0x0, pointerCount=1, historySize=1, eventTime=376595, downTime=376551, deviceId=2, source=0x1002 }
04-29 06:58:50.052  1622  1622 D InputEventConsistencyVerifier:   3: sent at 376551177000, MotionEvent { action=ACTION_DOWN, actionButton=0, id[0]=0, x[0]=810.0, y[0]=1625.3334, toolType[0]=TOOL_TYPE_FINGER, buttonState=0, metaState=0, flags=0x0, edgeFlags=0x0, pointerCount=1, historySize=0, eventTime=376551, downTime=376551, deviceId=2, source=0x1002 }
04-29 06:58:50.052  1622  1622 D InputEventConsistencyVerifier:   4: sent at 350686318000, MotionEvent { action=ACTION_UP, actionButton=0, id[0]=0, x[0]=1085.25, y[0]=632.0, toolType[0]=TOOL_TYPE_FINGER, buttonState=0, metaState=0, flags=0x0, edgeFlags=0x0, pointerCount=1, historySize=0, eventTime=350686, downTime=350604, deviceId=2, source=0x1002 }
04-29 06:58:50.052  1622  1622 D InputEventConsistencyVerifier:   5: sent at 350672564000, MotionEvent { action=ACTION_MOVE, actionButton=0, id[0]=0, x[0]=1085.25, y[0]=632.0, toolType[0]=TOOL_TYPE_FINGER, buttonState=0, metaState=0, flags=0x0, edgeFlags=0x0, pointerCount=1, historySize=0, eventTime=350672, downTime=350604, deviceId=2, source=0x1002 }
04-29 06:58:42.885     0     0 W healthd : battery l=100 v=3963 t=30.3 h=2 st=2 c=1106 fc=4475000 cc=20 chg=u
04-29 06:58:51.526     0     0 D logd    : logdr: UID=0 GID=0 PID=3497 n tail=0 logMask=7f pid=0 start=0ns timeout=0ns
