--------- beginning of system
04-29 05:44:13.309 I/ActivityManager(  438): START u0 {flg=0x10000000 cmp=com.android.camera2/com.android.camera.CameraActivity} from uid 0
--------- beginning of events
04-29 05:44:13.311 I/wm_task_created(  438): [18,1]
04-29 05:44:13.311 I/wm_task_moved(  438): [18,1,2]
04-29 05:44:13.312 I/am_focused_stack(  438): [0,1,0,reuseOrNewTask]
04-29 05:44:13.312 I/wm_task_moved(  438): [18,1,2]
04-29 05:44:13.313 I/am_create_task(  438): [0,18]
04-29 05:44:13.313 I/am_create_activity(  438): [0,121190797,18,com.android.camera2/com.android.camera.CameraActivity,NULL,NULL,NULL,268435456]
04-29 05:44:13.313 I/wm_task_moved(  438): [18,1,2]
04-29 05:44:13.315 I/am_pause_activity(  438): [0,251997812,org.lineageos.trebuchet/com.android.launcher3.searchlauncher.SearchLauncher]
04-29 05:44:13.316 I/am_on_paused_called( 1516): [0,com.android.launcher3.searchlauncher.SearchLauncher,handlePauseActivity]
04-29 05:44:13.322 I/dvm_lock_sample(  438): [system_server,1,ActivityManager,11,TaskChangeNotificationController.java,245,void com.android.server.am.TaskChangeNotificationController.forAllRemoteListeners(com.android.server.am.TaskChangeNotificationController$TaskStackConsumer, android.os.Message),ActivityStarter.java,748,int com.android.server.am.ActivityStarter.startActivityMayWait(android.app.IApplicationThread, int, int, int, java.lang.String, android.content.Intent, java.lang.String, android.service.voice.IVoiceInteractionSession, com.android.internal.app.IVoiceInteractor, android.os.IBinder, java.lang.String, int, int, android.app.ProfilerInfo, android.app.WaitResult, android.content.res.Configuration, android.os.Bundle, boolean, int, com.android.server.am.TaskRecord, java.lang.String),2]
04-29 05:44:13.323 I/am_uid_running(  438): 10014
04-29 05:44:13.346 I/am_proc_start(  438): [0,2636,10014,com.android.camera2,activity,com.android.camera2/com.android.camera.CameraActivity]
04-29 05:44:13.346 I/ActivityManager(  438): Start proc 2636:com.android.camera2/u0a14 for activity com.android.camera2/com.android.camera.CameraActivity
04-29 05:44:13.353 I/sysui_multi_action(  438): [757,1144,758,9,806,org.lineageos.trebuchet,871,com.android.launcher3.searchlauncher.SearchLauncher]
04-29 05:44:13.354 I/auditd  (  438): type=1400 audit(0.0:312): avc: denied { read } for comm="android.bg" name="nvmap" dev="debugfs" ino=4404 scontext=u:r:system_server:s0 tcontext=u:object_r:debugfs_nvmap:s0 tclass=dir permissive=1
--------- beginning of main
04-29 05:44:13.354 I/android.bg(  438): type=1400 audit(0.0:312): avc: denied { read } for name="nvmap" dev="debugfs" ino=4404 scontext=u:r:system_server:s0 tcontext=u:object_r:debugfs_nvmap:s0 tclass=dir permissive=1
04-29 05:44:13.354 I/auditd  (  438): type=1400 audit(0.0:313): avc: denied { open } for comm="android.bg" path="/sys/kernel/debug/nvmap" dev="debugfs" ino=4404 scontext=u:r:system_server:s0 tcontext=u:object_r:debugfs_nvmap:s0 tclass=dir permissive=1
04-29 05:44:13.354 I/android.bg(  438): type=1400 audit(0.0:313): avc: denied { open } for path="/sys/kernel/debug/nvmap" dev="debugfs" ino=4404 scontext=u:r:system_server:s0 tcontext=u:object_r:debugfs_nvmap:s0 tclass=dir permissive=1
04-29 05:44:13.385 I/am_proc_bound(  438): [0,2636,com.android.camera2]
04-29 05:44:13.393 I/am_uid_active(  438): 10014
04-29 05:44:13.393 I/am_restart_activity(  438): [0,121190797,18,com.android.camera2/com.android.camera.CameraActivity]
04-29 05:44:13.394 I/am_set_resumed_activity(  438): [0,com.android.camera2/com.android.camera.CameraActivity,minimalResumeActivityLocked]
04-29 05:44:13.448 V/CAM_Profiler( 2636): [  0.000ms][ui] GUARD: CameraApp onCreate() - START
04-29 05:44:13.449 V/CAM_Profiler( 2636): [  0.000ms][ui] GUARD: FirstRunDetector getTimeOfFirstRun - START
04-29 05:44:13.451 V/CAM_Profiler( 2636): [  2.084ms][ui] GUARD: FirstRunDetector getTimeOfFirstRun - [ 2.084ms] PreferenceManager.getDefaultSharedPreferences
04-29 05:44:13.453 V/CAM_Profiler( 2636): [  4.191ms][ui] GUARD: FirstRunDetector getTimeOfFirstRun - [ 2.107ms] preferences.getLong
04-29 05:44:13.454 V/CAM_Profiler( 2636): [  4.707ms][ui] GUARD: FirstRunDetector getTimeOfFirstRun - STOP
04-29 05:44:13.454 V/CAM_Profiler( 2636): [ 10.070ms][ui] GUARD: CameraApp onCreate() - [10.070ms] initializeTimeOfFirstRun
04-29 05:44:13.456 V/CAM_Profiler( 2636): [ 11.278ms][ui] GUARD: CameraApp onCreate() - [ 1.207ms] UsageStatistics.initialize
04-29 05:44:13.458 I/notification_cancel_all(  438): [10014,2636,com.android.camera2,0,0,64,9,NULL]
04-29 05:44:13.458 V/CAM_Profiler( 2636): [ 14.426ms][ui] GUARD: CameraApp onCreate() - [ 3.148ms] clearNotifications
04-29 05:44:13.459 V/CAM_Profiler( 2636): [ 14.426ms][ui] GUARD: CameraApp onCreate() - STOP
04-29 05:44:13.462 D/vndksupport( 2636): Loading /system/lib/egl/libEGL_tegra.so from current namespace instead of sphal namespace.
04-29 05:44:13.466 D/libEGL  ( 2636): loaded /system/lib/egl/libEGL_tegra.so
04-29 05:44:13.466 I/        ( 2636): Attempting to load EGL implementation libEGL_tegra_impl
04-29 05:44:13.473 I/am_pss  (  438): [1608,10039,com.svox.pico,5123072,4091904,0]
04-29 05:44:13.481 I/        ( 2636): Loaded EGL implementation libEGL_tegra_impl
04-29 05:44:13.482 D/vndksupport( 2636): Loading /system/lib/egl/libGLESv1_CM_tegra.so from current namespace instead of sphal namespace.
04-29 05:44:13.483 D/libEGL  ( 2636): loaded /system/lib/egl/libGLESv1_CM_tegra.so
04-29 05:44:13.509 D/vndksupport( 2636): Loading /system/lib/egl/libGLESv2_tegra.so from current namespace instead of sphal namespace.
04-29 05:44:13.512 D/libEGL  ( 2636): loaded /system/lib/egl/libGLESv2_tegra.so
04-29 05:44:13.513 V/CAM_QuickActivity( 2636): START onCreate: Activity = com.android.camera.CameraActivity@b26863f
04-29 05:44:13.514 V/CAM_Profiler( 2636): [  0.000ms][ui] GUARD: CameraActivity.onCreateTasks - START
04-29 05:44:13.515 D/CAM_LocationManager( 2636): Using legacy location provider.
04-29 05:44:13.532 D/CAM_MemoryManagerImpl( 2636): Max native memory: 358 MB
04-29 05:44:13.538 W/SoundPool( 2636): Use of stream types is deprecated for operations other than volume control
04-29 05:44:13.538 W/SoundPool( 2636): See the documentation of SoundPool() for what to use instead with android.media.AudioAttributes to qualify your playback use case
04-29 05:44:13.539 I/CAM_OneCamFtrCnfgCrtr( 2636): CaptureModule? true
04-29 05:44:13.548 I/am_pss  (  438): [2145,10070,net.sourceforge.opencamera,61587456,57270272,0]
--------- beginning of kernel
04-29 05:44:13.549 E/gk20a.0 (    0): unrecognized ioctl cmd: 0x8008486d
04-29 05:44:13.565 I/CAM_Profiler( 2636): [ 50.783ms][ui] GUARD: CameraActivity.onCreateTasks - [23.076ms] Glide.setup
04-29 05:44:13.570 V/CAM_Profiler( 2636): [ 56.222ms][ui] GUARD: CameraActivity.onCreateTasks - [ 5.439ms] OneCameraManager.get
04-29 05:44:13.587 I/CameraManagerGlobal( 2636): Connecting to camera service
04-29 05:44:13.587 V/NuMediaExtractor( 2636): setDataSource fd=40 (/system/media/audio/ui/camera_click.ogg), offset=0, length=5951
04-29 05:44:13.591 V/CAM_SettingsManager( 2636): listeners: [com.android.camera.CameraActivity@b26863f]
04-29 05:44:13.591 V/NuMediaExtractor( 2636): track of type 'audio/vorbis' does not publish bitrate
04-29 05:44:13.593 I/OMXMaster(  280): makeComponentInstance(OMX.google.vorbis.decoder) in android.hardwar process
04-29 05:44:13.596 V/CAM_Profiler( 2636): [ 82.723ms][ui] GUARD: CameraActivity.onCreateTasks - [ 1.799ms] computePictureSizes
04-29 05:44:13.636 W/CAM_Log ( 2636): Tag RoundedThumbnailView is 1 chars longer than limit.
04-29 05:44:13.745 I/CAM_Profiler( 2636): [230.970ms][ui] GUARD: CameraActivity.onCreateTasks - [144.943ms] setContentView()
04-29 05:44:13.776 I/CAM_Profiler( 2636): [262.534ms][ui] GUARD: CameraActivity.onCreateTasks - [31.565ms] Configure Camera UI
04-29 05:44:13.794 V/CAM_CameraController( 2636): Closing camera
04-29 05:44:13.795 W/CAM2PORT_AndCamAgntImp( 2636): Releasing camera without any camera opened.
04-29 05:44:13.795 V/CAM_ModulesInfo( 2636): EnableCaptureModule = true
04-29 05:44:13.801 V/CAM_Profiler( 2636): [  0.000ms][ui] GUARD: new CaptureModule - START
04-29 05:44:13.804 V/CAM_Profiler( 2636): [  2.963ms][ui] GUARD: new CaptureModule - STOP
04-29 05:44:13.804 V/CAM_SettingsManager( 2636): listeners: [com.android.camera.CameraActivity@b26863f, com.android.camera.app.CameraAppUI@509850]
04-29 05:44:13.825 V/CAM_SettingsManager( 2636): listeners: [com.android.camera.CameraActivity@b26863f, com.android.camera.app.CameraAppUI@509850, com.android.camera.ButtonManager@6056205]
04-29 05:44:13.825 V/CAM_SettingsManager( 2636): listeners: [com.android.camera.CameraActivity@b26863f, com.android.camera.app.CameraAppUI@509850, com.android.camera.ButtonManager@6056205, com.android.camera.widget.IndicatorIconController@a324c8b]
04-29 05:44:13.827 I/CAM_Profiler( 2636): [312.810ms][ui] GUARD: CameraActivity.onCreateTasks - [22.112ms] Init Current Module UI
04-29 05:44:13.827 V/CAM_Profiler( 2636): [  0.000ms][ui] GUARD: CaptureModule.init - START
04-29 05:44:13.827 D/CAM_CaptureModule( 2636): init UseAutotransformUiLayout = false
04-29 05:44:13.830 D/CAM_Camera2OneCamMgr( 2636): Getting First BACK Camera
04-29 05:44:13.846 W/SoundPool( 2636): Use of stream types is deprecated for operations other than volume control
04-29 05:44:13.846 W/SoundPool( 2636): See the documentation of SoundPool() for what to use instead with android.media.AudioAttributes to qualify your playback use case
04-29 05:44:13.847 V/NuMediaExtractor( 2636): setDataSource fd=47 (/system/priv-app/Camera2/Camera2.apk), offset=6834592, length=19122
04-29 05:44:13.851 I/CAM_Profiler( 2636): [ 23.702ms][ui] GUARD: CaptureModule.init - STOP
04-29 05:44:13.851 V/NuMediaExtractor( 2636): setDataSource fd=51 (/system/media/audio/ui/camera_click.ogg), offset=0, length=5951
04-29 05:44:13.851 I/CAM_Profiler( 2636): [337.327ms][ui] GUARD: CameraActivity.onCreateTasks - [24.518ms] Init CurrentModule
04-29 05:44:13.854 V/NuMediaExtractor( 2636): track of type 'audio/vorbis' does not publish bitrate
04-29 05:44:13.858 V/NuMediaExtractor( 2636): track of type 'audio/vorbis' does not publish bitrate
04-29 05:44:13.858 I/OMXMaster(  280): makeComponentInstance(OMX.google.vorbis.decoder) in android.hardwar process
04-29 05:44:13.862 I/OMXMaster(  280): makeComponentInstance(OMX.google.vorbis.decoder) in android.hardwar process
04-29 05:44:13.862 V/NFC     ( 2636): this device does not have NFC support
04-29 05:44:13.878 I/CAM_Profiler( 2636): [364.636ms][ui] GUARD: CameraActivity.onCreateTasks - STOP
04-29 05:44:13.879 V/CAM_QuickActivity( 2636): END onCreate: Activity = com.android.camera.CameraActivity@b26863f
04-29 05:44:13.880 V/CAM_QuickActivity( 2636): START onStart: Activity = com.android.camera.CameraActivity@b26863f
04-29 05:44:13.881 I/am_uid_active(  438): 10008
04-29 05:44:13.884 V/CAM_QuickActivity( 2636): END onStart: Activity = com.android.camera.CameraActivity@b26863f
04-29 05:44:13.886 V/CAM_QuickActivity( 2636): START onResume: Activity = com.android.camera.CameraActivity@b26863f
04-29 05:44:13.887 V/CAM_QuickActivity( 2636): onResume(): isKeyguardLocked() = false
04-29 05:44:13.888 D/CAM_Storage( 2636): External storage state=mounted
04-29 05:44:13.888 V/CAM_QuickActivity( 2636): onResume --> onResumeTasks()
04-29 05:44:13.890 V/CAM_Profiler( 2636): [  0.000ms][ui] GUARD: CameraActivity.resume - START
04-29 05:44:13.890 V/CAM_CameraActivity( 2636): Build info: lineage_mocha-eng 8.1.0 OPM7.181205.001 22fd066923 test-keys
04-29 05:44:13.900 V/CAM_Profiler( 2636): [  0.000ms][ui] GUARD: CaptureModule.resume - START
04-29 05:44:13.901 V/CAM_Profiler( 2636): [  1.085ms][ui] GUARD: CaptureModule.resume - [ 0.047ms] getRemoteShutterListener.onModuleReady
04-29 05:44:13.901 D/CAM_Storage( 2636): External storage state=mounted
04-29 05:44:13.912 I/auditd  (  198): type=1400 audit(0.0:314): avc: denied { search } for comm="sensors@1.0-ser" name="tegra12-i2c.0" dev="sysfs" ino=323 scontext=u:r:hal_sensors_default:s0 tcontext=u:object_r:sysfs_nvi2c:s0 tclass=dir permissive=1
04-29 05:44:13.912 I/sensors@1.0-ser(  198): type=1400 audit(0.0:314): avc: denied { search } for name="tegra12-i2c.0" dev="sysfs" ino=323 scontext=u:r:hal_sensors_default:s0 tcontext=u:object_r:sysfs_nvi2c:s0 tclass=dir permissive=1
04-29 05:44:13.912 I/auditd  (  198): type=1400 audit(0.0:315): avc: denied { write } for comm="sensors@1.0-ser" name="enable" dev="sysfs" ino=12896 scontext=u:r:hal_sensors_default:s0 tcontext=u:object_r:sysfs_nvi2c:s0 tclass=file permissive=1
04-29 05:44:13.912 I/sensors@1.0-ser(  198): type=1400 audit(0.0:315): avc: denied { write } for name="enable" dev="sysfs" ino=12896 scontext=u:r:hal_sensors_default:s0 tcontext=u:object_r:sysfs_nvi2c:s0 tclass=file permissive=1
04-29 05:44:13.912 I/auditd  (  198): type=1400 audit(0.0:316): avc: denied { open } for comm="sensors@1.0-ser" path="/sys/devices/platform/tegra12-i2c.0/i2c-0/0-0008/lsm6db0_magn.0/iio:device3/buffer/enable" dev="sysfs" ino=12896 scontext=u:r:hal_sensors_default:s0 tcontext=u:object_r:sysfs_nvi2c:s0 tclass=file permissive=1
04-29 05:44:13.912 I/sensors@1.0-ser(  198): type=1400 audit(0.0:316): avc: denied { open } for path="/sys/devices/platform/tegra12-i2c.0/i2c-0/0-0008/lsm6db0_magn.0/iio:device3/buffer/enable" dev="sysfs" ino=12896 scontext=u:r:hal_sensors_default:s0 tcontext=u:object_r:sysfs_nvi2c:s0 tclass=file permissive=1
04-29 05:44:13.913 I/auditd  (  198): type=1400 audit(0.0:317): avc: denied { getattr } for comm="sensors@1.0-ser" path="/sys/devices/platform/tegra12-i2c.0/i2c-0/0-0008/lsm6db0_magn.0/iio:device3/buffer/enable" dev="sysfs" ino=12896 scontext=u:r:hal_sensors_default:s0 tcontext=u:object_r:sysfs_nvi2c:s0 tclass=file permissive=1
04-29 05:44:13.913 I/sensors@1.0-ser(  198): type=1400 audit(0.0:317): avc: denied { getattr } for path="/sys/devices/platform/tegra12-i2c.0/i2c-0/0-0008/lsm6db0_magn.0/iio:device3/buffer/enable" dev="sysfs" ino=12896 scontext=u:r:hal_sensors_default:s0 tcontext=u:object_r:sysfs_nvi2c:s0 tclass=file permissive=1
04-29 05:44:13.928 V/CAM_CameraDataAdapter( 2636): retrieved photo metadata, number of items: 0
04-29 05:44:13.929 V/CAM_CameraDataAdapter( 2636): retrieved video metadata, number of items: 0
04-29 05:44:13.929 V/CAM_CameraDataAdapter( 2636): sorting video/photo metadata
04-29 05:44:13.930 V/CAM_CameraDataAdapter( 2636): sorted video/photo metadata
04-29 05:44:13.945 I/auditd  (  198): type=1400 audit(0.0:318): avc: denied { read } for comm="sensors@1.0-ser" name="enable" dev="sysfs" ino=12896 scontext=u:r:hal_sensors_default:s0 tcontext=u:object_r:sysfs_nvi2c:s0 tclass=file permissive=1
04-29 05:44:13.945 I/sensors@1.0-ser(  198): type=1400 audit(0.0:318): avc: denied { read } for name="enable" dev="sysfs" ino=12896 scontext=u:r:hal_sensors_default:s0 tcontext=u:object_r:sysfs_nvi2c:s0 tclass=file permissive=1
04-29 05:44:13.947 D/SensorHAL(  198): lsm6db0_magn: power-on.
04-29 05:44:13.948 I/CAM_Profiler( 2636): [ 47.970ms][ui] GUARD: CaptureModule.resume - [34.872ms] mHeadingSensor.activate()
04-29 05:44:13.948 V/NuMediaExtractor( 2636): setDataSource fd=61 (/system/priv-app/Camera2/Camera2.apk), offset=6873096, length=7617
04-29 05:44:13.948 I/CAM_Profiler( 2636): [ 47.970ms][ui] GUARD: CaptureModule.resume - STOP
04-29 05:44:13.949 I/CAM_Profiler( 2636): [ 58.841ms][ui] GUARD: CameraActivity.resume - [48.969ms] mCurrentModule.resume
04-29 05:44:13.950 V/CAM_Profiler( 2636): [ 60.011ms][ui] GUARD: CameraActivity.resume - [ 0.031ms] mPanoramaViewHelper.onResume()
04-29 05:44:13.950 V/CAM_LcyLocProvider( 2636): starting location updates
04-29 05:44:13.952 D/CAM_LcyLocProvider( 2636): provider does not exist provider doesn't exist: network
04-29 05:44:13.952 V/NuMediaExtractor( 2636): track of type 'audio/vorbis' does not publish bitrate
04-29 05:44:13.952 D/CAM_LcyLocProvider( 2636): provider does not exist provider doesn't exist: gps
04-29 05:44:13.953 D/CAM_LcyLocProvider( 2636): startReceivingLocationUpdates
04-29 05:44:13.953 I/CAM_Profiler( 2636): [ 63.017ms][ui] GUARD: CameraActivity.resume - STOP
04-29 05:44:13.954 V/CAM_QuickActivity( 2636): END onResume: Activity = com.android.camera.CameraActivity@b26863f
04-29 05:44:13.954 I/am_on_resume_called( 2636): [0,com.android.camera.CameraActivity,LAUNCH_ACTIVITY]
04-29 05:44:13.954 I/OMXMaster(  280): makeComponentInstance(OMX.google.vorbis.decoder) in android.hardwar process
04-29 05:44:13.961 D/OpenGLRenderer( 2636): HWUI GL Pipeline
04-29 05:44:13.965 E/WindowManager(  438): App trying to use insecure INPUT_FEATURE_NO_INPUT_CHANNEL flag. Ignoring
04-29 05:44:13.967 V/CAM_CameraActivity( 2636): ignoring storage callback after activity pause
04-29 05:44:13.968 V/CAM_FocusController( 2636): configurePreviewDimensions(RectF(0.0, 0.0, 0.0, 0.0))
04-29 05:44:13.968 V/CAM_CameraActivity( 2636): ignoring storage callback after activity pause
04-29 05:44:14.003 V/CAM_TexViewHelper( 2636): onLayoutChange
04-29 05:44:14.004 V/CAM_TexViewHelper( 2636): updateTransform
04-29 05:44:14.005 V/CAM_TexViewHelper( 2636): setAspectRatio: 0.0
04-29 05:44:14.005 D/CAM_CaptureModule( 2636): updatePreviewTransform: 1536 x 2048
04-29 05:44:14.007 V/CAM_TexViewHelper( 2636): setAspectRatio: NaN
04-29 05:44:14.007 V/CAM_TexViewHelper( 2636): aspect ratio changed from: 0.0
04-29 05:44:14.016 I/chatty  (    0): uid=0(root) logd identical 1 line
04-29 05:44:14.019 V/NuMediaExtractor( 2636): setDataSource fd=64 (/system/priv-app/Camera2/Camera2.apk), offset=6880776, length=7755
04-29 05:44:14.022 V/NuMediaExtractor( 2636): track of type 'audio/vorbis' does not publish bitrate
04-29 05:44:14.024 I/OMXMaster(  280): makeComponentInstance(OMX.google.vorbis.decoder) in android.hardwar process
04-29 05:44:14.037 D/CAM_MemoryQuery( 2636): timestamp=367901, availMem=774, totalMem=1935, totalPSS=12, lastTrimLevel=0, largeMemoryClass=512, nativePSS=4, dalvikPSS=2, otherPSS=5,threshold=144, lowMemory=false
04-29 05:44:14.054 D/vndksupport( 2636): Loading /vendor/lib/hw/gralloc.tegra.so from current namespace instead of sphal namespace.
04-29 05:44:14.057 I/com.android.camera2( 2636): android::hardware::configstore::V1_0::ISurfaceFlingerConfigs::hasWideColorDisplay retrieved: 0
04-29 05:44:14.057 I/OpenGLRenderer( 2636): Initialized EGL, version 1.4
04-29 05:44:14.057 D/OpenGLRenderer( 2636): Swap behavior 2
04-29 05:44:14.114 I/        ( 2636): Loading GLESv2 implementation libGLESv2_tegra_impl
04-29 05:44:14.123 D/vndksupport( 2636): Loading /vendor/lib/hw/android.hardware.graphics.mapper@2.0-impl.so from current namespace instead of sphal namespace.
04-29 05:44:14.124 D/vndksupport( 2636): Loading /vendor/lib/hw/gralloc.tegra.so from current namespace instead of sphal namespace.
04-29 05:44:14.127 D/vndksupport( 2636): Loading /vendor/lib/hw/gralloc.tegra.so from current namespace instead of sphal namespace.
04-29 05:44:14.150 V/CAM_TexViewHelper( 2636): updateTransform
04-29 05:44:14.150 V/CAM_CameraAppUI( 2636): SurfaceTexture is available
04-29 05:44:14.150 D/CAM_CaptureModule( 2636): onSurfaceTextureAvailable
04-29 05:44:14.150 D/CAM_CaptureModule( 2636): updatePreviewTransform: 1536 x 2048
04-29 05:44:14.152 V/CAM_TexViewHelper( 2636): setAspectRatio: NaN
04-29 05:44:14.152 V/CAM_TexViewHelper( 2636): aspect ratio changed from: NaN
04-29 05:44:14.153 I/CAM_FocusRingView( 2636): Computing center via view bounds.
04-29 05:44:14.153 V/CAM_Profiler( 2636): [  0.000ms] GUARD: CaptureModule.closeCamera() - START
04-29 05:44:14.153 V/CAM_Profiler( 2636): [  0.396ms] GUARD: CaptureModule.closeCamera() - [ 0.396ms] mCameraOpenCloseLock.acquire()
04-29 05:44:14.153 V/CAM_Profiler( 2636): [  0.682ms] GUARD: CaptureModule.closeCamera() - STOP
04-29 05:44:14.154 V/CAM_Profiler( 2636): [  0.000ms] GUARD: CaptureModule.openCameraAndStartPreview() - START
04-29 05:44:14.154 V/CAM_Profiler( 2636): [  0.219ms] GUARD: CaptureModule.openCameraAndStartPreview() - [ 0.219ms] Acquired mCameraOpenCloseLock
04-29 05:44:14.155 D/CAM_Camera2OneCamMgr( 2636): Getting First BACK Camera
04-29 05:44:14.159 E/CAM_OneCamCharImpl( 2636): Unable to obtain picture sizes.
04-29 05:44:14.159 E/CAM_OneCamCharImpl( 2636): java.lang.NullPointerException: Attempt to get length of null array
04-29 05:44:14.159 E/CAM_OneCamCharImpl( 2636): 	at android.hardware.camera2.impl.CameraMetadataNative.getStreamConfigurationMap(CameraMetadataNative.java:889)
04-29 05:44:14.159 E/CAM_OneCamCharImpl( 2636): 	at android.hardware.camera2.impl.CameraMetadataNative.-wrap3(Unknown Source:0)
04-29 05:44:14.159 E/CAM_OneCamCharImpl( 2636): 	at android.hardware.camera2.impl.CameraMetadataNative$5.getValue(CameraMetadataNative.java:540)
04-29 05:44:14.159 E/CAM_OneCamCharImpl( 2636): 	at android.hardware.camera2.impl.CameraMetadataNative.get(CameraMetadataNative.java:381)
04-29 05:44:14.159 E/CAM_OneCamCharImpl( 2636): 	at android.hardware.camera2.impl.CameraMetadataNative.get(CameraMetadataNative.java:352)
04-29 05:44:14.159 E/CAM_OneCamCharImpl( 2636): 	at android.hardware.camera2.CameraCharacteristics.get(CameraCharacteristics.java:207)
04-29 05:44:14.159 E/CAM_OneCamCharImpl( 2636): 	at com.android.camera.one.v2.OneCameraCharacteristicsImpl.getSupportedPictureSizes(OneCameraCharacteristicsImpl.java:63)
04-29 05:44:14.159 E/CAM_OneCamCharImpl( 2636): 	at com.android.camera.settings.ResolutionSetting.getPictureSize(ResolutionSetting.java:153)
04-29 05:44:14.159 E/CAM_OneCamCharImpl( 2636): 	at com.android.camera.CaptureModule.openCameraAndStartPreview(CaptureModule.java:1363)
04-29 05:44:14.159 E/CAM_OneCamCharImpl( 2636): 	at com.android.camera.CaptureModule.-wrap8(Unknown Source:0)
04-29 05:44:14.159 E/CAM_OneCamCharImpl( 2636): 	at com.android.camera.CaptureModule$10.run(CaptureModule.java:653)
04-29 05:44:14.159 E/CAM_OneCamCharImpl( 2636): 	at java.util.concurrent.ThreadPoolExecutor.runWorker(ThreadPoolExecutor.java:1162)
04-29 05:44:14.159 E/CAM_OneCamCharImpl( 2636): 	at java.util.concurrent.ThreadPoolExecutor$Worker.run(ThreadPoolExecutor.java:636)
04-29 05:44:14.159 E/CAM_OneCamCharImpl( 2636): 	at java.lang.Thread.run(Thread.java:764)
04-29 05:44:14.160 E/CAM_ResolutionSettings( 2636): Picture size setting is not set. Choose 0x0
--------- beginning of crash
04-29 05:44:14.160 E/AndroidRuntime( 2636): FATAL EXCEPTION: AsyncTask #2
04-29 05:44:14.160 E/AndroidRuntime( 2636): Process: com.android.camera2, PID: 2636
04-29 05:44:14.160 E/AndroidRuntime( 2636): java.lang.IllegalStateException
04-29 05:44:14.160 E/AndroidRuntime( 2636): 	at com.google.common.base.Preconditions.checkState(Preconditions.java:158)
04-29 05:44:14.160 E/AndroidRuntime( 2636): 	at com.android.camera.settings.ResolutionSetting.getPictureSize(ResolutionSetting.java:165)
04-29 05:44:14.160 E/AndroidRuntime( 2636): 	at com.android.camera.CaptureModule.openCameraAndStartPreview(CaptureModule.java:1363)
04-29 05:44:14.160 E/AndroidRuntime( 2636): 	at com.android.camera.CaptureModule.-wrap8(Unknown Source:0)
04-29 05:44:14.160 E/AndroidRuntime( 2636): 	at com.android.camera.CaptureModule$10.run(CaptureModule.java:653)
04-29 05:44:14.160 E/AndroidRuntime( 2636): 	at java.util.concurrent.ThreadPoolExecutor.runWorker(ThreadPoolExecutor.java:1162)
04-29 05:44:14.160 E/AndroidRuntime( 2636): 	at java.util.concurrent.ThreadPoolExecutor$Worker.run(ThreadPoolExecutor.java:636)
04-29 05:44:14.160 E/AndroidRuntime( 2636): 	at java.lang.Thread.run(Thread.java:764)
04-29 05:44:14.161 I/am_crash(  438): [2636,0,com.android.camera2,819510341,java.lang.IllegalStateException,NULL,Preconditions.java,158]
04-29 05:44:14.163 W/ActivityManager(  438):   Force finishing activity com.android.camera2/com.android.camera.CameraActivity
04-29 05:44:14.163 I/am_finish_activity(  438): [0,121190797,18,com.android.camera2/com.android.camera.CameraActivity,force-crash]
04-29 05:44:14.164 I/am_focused_stack(  438): [0,0,1,finishActivity adjustFocus]
04-29 05:44:14.164 I/wm_task_moved(  438): [8,1,0]
04-29 05:44:14.165 I/auditd  ( 2636): type=1400 audit(0.0:319): avc: denied { write } for comm="RenderThread" name="phsd.ctl" dev="mmcblk0p29" ino=98172 scontext=u:r:platform_app:s0:c512,c768 tcontext=u:object_r:system_data_file:s0 tclass=sock_file permissive=1
04-29 05:44:14.165 I/RenderThread( 2636): type=1400 audit(0.0:319): avc: denied { write } for name="phsd.ctl" dev="mmcblk0p29" ino=98172 scontext=u:r:platform_app:s0:c512,c768 tcontext=u:object_r:system_data_file:s0 tclass=sock_file permissive=1
04-29 05:44:14.165 I/am_pause_activity(  438): [0,121190797,com.android.camera2/com.android.camera.CameraActivity]
04-29 05:44:14.169 I/sysui_count(  438): [window_time_0,33]
04-29 05:44:14.169 I/sysui_multi_action(  438): [757,803,799,window_time_0,802,33]
04-29 05:44:14.170 I/ActivityManager(  438): Showing crash dialog for package com.android.camera2 u0
04-29 05:44:14.184 V/CAM_CameraDataAdapter( 2636): new photos query return num items: 0
04-29 05:44:14.200 V/CAM_QuickActivity( 2636): START onPause: Activity = com.android.camera.CameraActivity@b26863f
04-29 05:44:14.200 V/CAM_QuickActivity( 2636): onPause --> onPauseTasks()
04-29 05:44:14.200 V/CAM_Profiler( 2636): [  0.000ms][ui] GUARD: CameraActivity.onPause - START
04-29 05:44:14.200 E/gk20a.0 (    0): unrecognized ioctl cmd: 0x8008486d
04-29 05:44:14.204 V/CAM_ActvCamDevTrckr( 2636): Returning previously active camera: null
04-29 05:44:14.204 E/CAM_CameraActivity( 2636): Retrieving Camera Setting Scope with -1
04-29 05:44:14.207 I/auditd  (  198): type=1400 audit(0.0:320): avc: denied { read } for comm="sensors@1.0-ser" name="devices" dev="sysfs" ino=3452 scontext=u:r:hal_sensors_default:s0 tcontext=u:object_r:sysfs:s0 tclass=dir permissive=1
04-29 05:44:14.207 I/sensors@1.0-ser(  198): type=1400 audit(0.0:320): avc: denied { read } for name="devices" dev="sysfs" ino=3452 scontext=u:r:hal_sensors_default:s0 tcontext=u:object_r:sysfs:s0 tclass=dir permissive=1
04-29 05:44:14.207 I/auditd  (  198): type=1400 audit(0.0:321): avc: denied { open } for comm="sensors@1.0-ser" path="/sys/bus/iio/devices" dev="sysfs" ino=3452 scontext=u:r:hal_sensors_default:s0 tcontext=u:object_r:sysfs:s0 tclass=dir permissive=1
04-29 05:44:14.207 I/sensors@1.0-ser(  198): type=1400 audit(0.0:321): avc: denied { open } for path="/sys/bus/iio/devices" dev="sysfs" ino=3452 scontext=u:r:hal_sensors_default:s0 tcontext=u:object_r:sysfs:s0 tclass=dir permissive=1
04-29 05:44:14.232 I/OpenGLRenderer(  438): Initialized EGL, version 1.4
04-29 05:44:14.232 D/OpenGLRenderer(  438): Swap behavior 2
04-29 05:44:14.279 E/SensorHAL(  198): Failed to save calibration data.
04-29 05:44:14.311 D/SensorHAL(  198): lsm6db0_magn: power-off.
04-29 05:44:14.311 W/hw-IPCThreadState(  198): All binder threads in pool (2 threads) busy for 102 ms
04-29 05:44:14.312 V/CAM_Profiler( 2636): [  0.000ms][ui] GUARD: CaptureModule.closeCamera() - START
04-29 05:44:14.667 W/ActivityManager(  438): Activity pause timeout for ActivityRecord{739398d u0 com.android.camera2/com.android.camera.CameraActivity t18 f}
04-29 05:44:14.690 I/am_set_resumed_activity(  438): [0,org.lineageos.trebuchet/com.android.launcher3.searchlauncher.SearchLauncher,resumeTopActivityInnerLocked]
04-29 05:44:14.703 I/am_resume_activity(  438): [0,251997812,8,org.lineageos.trebuchet/com.android.launcher3.searchlauncher.SearchLauncher]
04-29 05:44:14.777 I/WindowManager(  438): Failed to capture screenshot of Token{2f4a742 ActivityRecord{739398d u0 com.android.camera2/com.android.camera.CameraActivity t18 f}} appWin=Window{47649ab u0 com.android.camera2/com.android.camera.CameraActivity} drawState=4
04-29 05:44:14.899 I/zygote  ( 1516): Do partial code cache collection, code=62KB, data=52KB
04-29 05:44:14.900 I/zygote  ( 1516): After code cache collection, code=62KB, data=52KB
04-29 05:44:14.900 I/zygote  ( 1516): Increasing code cache capacity to 256KB
04-29 05:44:14.925 W/Looper  (  438): Dispatch took 221ms on android.ui, h=Handler (com.android.server.am.ActivityManagerService$UiHandler) {e3c7aeb} cb=null msg=30
04-29 05:44:14.925 W/zygote  (  438): Long monitor contention with owner ActivityManager (468) at void com.android.server.am.ActivityStack$ActivityStackHandler.handleMessage(android.os.Message)(ActivityStack.java:392) waiters=1 in int com.android.server.am.ActivityManagerService.getLastResumedActivityUserId() for 141ms
04-29 05:44:14.925 I/dvm_lock_sample(  438): [system_server,1,Binder:438_8,141,ActivityManagerService.java,24497,int com.android.server.am.ActivityManagerService.getLastResumedActivityUserId(),ActivityStack.java,392,void com.android.server.am.ActivityStack$ActivityStackHandler.handleMessage(android.os.Message),28]
04-29 05:44:14.926 I/sysui_count(  438): [window_time_0,0]
04-29 05:44:14.927 I/sysui_multi_action(  438): [757,803,799,window_time_0,802,0]
04-29 05:44:14.928 I/am_on_resume_called( 1516): [0,com.android.launcher3.searchlauncher.SearchLauncher,RESUME_ACTIVITY]
04-29 05:44:14.992 I/am_destroy_activity(  438): [0,121190797,18,com.android.camera2/com.android.camera.CameraActivity,finish-imm]
04-29 05:44:14.993 I/ActivityManager(  438): Killing 1911:org.lineageos.updater/u0a4 (adj 906): empty #17
04-29 05:44:14.993 I/am_kill (  438): [0,1911,org.lineageos.updater,906,empty #17]
04-29 05:44:14.994 W/system_server(  438): kill(-1911, 9) failed: No such process
04-29 05:44:15.017 I/am_proc_died(  438): [0,1911,org.lineageos.updater,906,17]
04-29 05:44:15.017 I/am_uid_stopped(  438): 10004
04-29 05:44:15.039 W/system_server(  438): kill(-1911, 9) failed: No such process
04-29 05:44:15.039 I/system_server(  438): Successfully killed process cgroup uid 10004 pid 1911 in 45ms
04-29 05:44:15.424 W/OpenGLRenderer( 1516): Incorrectly called buildLayer on View: ShortcutAndWidgetContainer, destroying layer...
04-29 05:44:15.424 W/OpenGLRenderer( 1516): Incorrectly called buildLayer on View: ShortcutAndWidgetContainer, destroying layer...
04-29 05:44:15.461 I/        (    0): bq27x00 BMS soc 100 100 v 4091000 i 201000 t 282 c 20 rm 3962 4461 fcc 3997 4492 flag 229
04-29 05:44:15.468 W/healthd (    0): battery l=100 v=4091 t=28.2 h=2 st=2 c=201 fc=4492000 cc=20 chg=u
04-29 05:44:15.571 D/LightsService(  438): Excessive delay setting light
04-29 05:44:15.572 W/zygote  (  438): Long monitor contention with owner Binder:438_1 (464) at void com.android.server.BatteryService.update(android.os.BatteryProperties)(BatteryService.java:337) waiters=0 in boolean com.android.server.BatteryService$LocalService.isPowered(int) for 102ms
04-29 05:44:15.573 I/dvm_lock_sample(  438): [system_server,1,PowerManagerService,102,BatteryService.java,996,boolean com.android.server.BatteryService$LocalService.isPowered(int),-,337,void com.android.server.BatteryService.update(android.os.BatteryProperties),20]
04-29 05:44:25.004 W/ActivityManager(  438): Activity destroy timeout for ActivityRecord{739398d u0 com.android.camera2/com.android.camera.CameraActivity t18 f}
04-29 05:44:25.059 I/wm_task_removed(  438): [18,removeAppToken: last token]
04-29 05:44:25.064 I/wm_task_removed(  438): [18,removeTask]
04-29 05:44:15.483 W/healthd (    0): battery l=100 v=4091 t=28.2 h=2 st=2 c=201 fc=4492000 cc=20 chg=u
04-29 05:44:25.416 D/logd    (    0): logdr: UID=0 GID=0 PID=2693 n tail=0 logMask=7f pid=0 start=0ns timeout=0ns
